Java HotSpot(TM) 64-Bit Server VM (25.131-b11) for windows-amd64 JRE (1.8.0_131-b11), built on Mar 15 2017 01:23:53 by "java_re" with MS VC++ 10.0 (VS2010)
Memory: 4k page, physical 33359028k(20379556k free), swap 38339764k(25680516k free)
CommandLine flags: -XX:-BytecodeVerificationLocal -XX:-BytecodeVerificationRemote -XX:+HeapDumpOnOutOfMemoryError -XX:HeapDumpPath=heap/heapdumpMeta.hprof -XX:InitialHeapSize=62914560 -XX:+ManagementServer -XX:MaxHeapSize=62914560 -XX:MaxMetaspaceSize=62914560 -XX:MetaspaceSize=62914560 -XX:+PrintGC -XX:+PrintGCDateStamps -XX:+PrintGCDetails -XX:+PrintGCTimeStamps -XX:SurvivorRatio=8 -XX:ThreadStackSize=512 -XX:TieredStopAtLevel=1 -XX:+TraceClassLoading -XX:+TraceClassUnloading -XX:+UseCompressedClassPointers -XX:+UseCompressedOops -XX:-UseLargePagesIndividualAllocation -XX:+UseParallelGC 
2021-04-26T22:17:37.293+0800: 1.218: [GC (Allocation Failure) [PSYoungGen: 16384K->2040K(18432K)] 16384K->2941K(59392K), 0.0050255 secs] [Times: user=0.00 sys=0.00, real=0.01 secs] 
2021-04-26T22:17:37.528+0800: 1.454: [GC (Allocation Failure) [PSYoungGen: 18424K->2029K(18432K)] 19325K->4816K(59392K), 0.0032342 secs] [Times: user=0.00 sys=0.00, real=0.00 secs] 
2021-04-26T22:17:37.654+0800: 1.580: [GC (Allocation Failure) [PSYoungGen: 18413K->2043K(18432K)] 21200K->6996K(59392K), 0.0039616 secs] [Times: user=0.00 sys=0.00, real=0.00 secs] 
2021-04-26T22:17:37.771+0800: 1.697: [GC (Allocation Failure) [PSYoungGen: 18427K->2029K(18432K)] 23380K->9213K(59392K), 0.0042114 secs] [Times: user=0.09 sys=0.00, real=0.01 secs] 
2021-04-26T22:17:38.025+0800: 1.950: [GC (Allocation Failure) [PSYoungGen: 18413K->2029K(18432K)] 25597K->11386K(59392K), 0.0059839 secs] [Times: user=0.00 sys=0.00, real=0.01 secs] 
2021-04-26T22:17:38.262+0800: 2.188: [GC (Allocation Failure) [PSYoungGen: 18413K->2029K(18432K)] 27770K->13295K(59392K), 0.0025332 secs] [Times: user=0.00 sys=0.00, real=0.00 secs] 
2021-04-26T22:17:38.432+0800: 2.358: [GC (Allocation Failure) [PSYoungGen: 18413K->2017K(18432K)] 29679K->15057K(59392K), 0.0068166 secs] [Times: user=0.00 sys=0.00, real=0.01 secs] 
2021-04-26T22:17:38.629+0800: 2.554: [GC (Allocation Failure) [PSYoungGen: 18401K->2032K(18432K)] 31441K->16309K(59392K), 0.0025635 secs] [Times: user=0.01 sys=0.00, real=0.00 secs] 
2021-04-26T22:17:38.829+0800: 2.754: [GC (Allocation Failure) [PSYoungGen: 18416K->2048K(18432K)] 32693K->18136K(59392K), 0.0032419 secs] [Times: user=0.00 sys=0.00, real=0.00 secs] 
2021-04-26T22:17:38.971+0800: 2.895: [GC (Allocation Failure) [PSYoungGen: 18432K->2017K(18432K)] 34520K->19998K(59392K), 0.0053177 secs] [Times: user=0.02 sys=0.00, real=0.01 secs] 
2021-04-26T22:17:39.181+0800: 3.106: [GC (Allocation Failure) [PSYoungGen: 18401K->2042K(18432K)] 36382K->21567K(59392K), 0.0049214 secs] [Times: user=0.00 sys=0.00, real=0.01 secs] 
2021-04-26T22:17:40.362+0800: 4.288: [GC (Allocation Failure) [PSYoungGen: 18426K->2021K(18432K)] 37951K->22761K(59392K), 0.0020374 secs] [Times: user=0.00 sys=0.00, real=0.00 secs] 
2021-04-26T22:17:40.486+0800: 4.412: [GC (Allocation Failure) [PSYoungGen: 18405K->1589K(18432K)] 39145K->23119K(59392K), 0.0020562 secs] [Times: user=0.00 sys=0.00, real=0.00 secs] 
2021-04-26T22:17:40.656+0800: 4.582: [GC (Allocation Failure) [PSYoungGen: 17973K->1643K(18432K)] 39503K->23878K(59392K), 0.0024056 secs] [Times: user=0.00 sys=0.00, real=0.00 secs] 
2021-04-26T22:17:40.785+0800: 4.710: [GC (Allocation Failure) [PSYoungGen: 18027K->2029K(18432K)] 40262K->25440K(59392K), 0.0025634 secs] [Times: user=0.00 sys=0.00, real=0.00 secs] 
2021-04-26T22:17:42.922+0800: 6.847: [GC (Allocation Failure) [PSYoungGen: 18374K->2038K(18432K)] 41785K->26552K(59392K), 0.0037384 secs] [Times: user=0.00 sys=0.00, real=0.00 secs] 
2021-04-26T22:17:58.475+0800: 22.400: [GC (Allocation Failure) [PSYoungGen: 18422K->1418K(18432K)] 42936K->27201K(59392K), 0.0047713 secs] [Times: user=0.13 sys=0.03, real=0.01 secs] 
2021-04-26T22:17:58.798+0800: 22.723: [GC (Allocation Failure) [PSYoungGen: 17802K->0K(18432K)] 43585K->26191K(59392K), 0.0013195 secs] [Times: user=0.00 sys=0.00, real=0.00 secs] 
2021-04-26T22:17:59.148+0800: 23.074: [GC (Allocation Failure) [PSYoungGen: 16384K->192K(18432K)] 42575K->26383K(59392K), 0.0012445 secs] [Times: user=0.00 sys=0.00, real=0.00 secs] 
2021-04-26T22:17:59.506+0800: 23.431: [GC (Allocation Failure) [PSYoungGen: 16576K->32K(18432K)] 42767K->26255K(59392K), 0.0018627 secs] [Times: user=0.14 sys=0.00, real=0.00 secs] 
2021-04-26T22:17:59.907+0800: 23.832: [GC (Allocation Failure) [PSYoungGen: 16416K->64K(18432K)] 42639K->26287K(59392K), 0.0048743 secs] [Times: user=0.00 sys=0.00, real=0.00 secs] 
2021-04-26T22:18:00.290+0800: 24.216: [GC (Allocation Failure) [PSYoungGen: 16448K->160K(18432K)] 42671K->26383K(59392K), 0.0011015 secs] [Times: user=0.00 sys=0.00, real=0.00 secs] 
2021-04-26T22:18:00.626+0800: 24.550: [GC (Allocation Failure) [PSYoungGen: 16544K->160K(18432K)] 42767K->26383K(59392K), 0.0021236 secs] [Times: user=0.00 sys=0.00, real=0.00 secs] 
2021-04-26T22:18:01.004+0800: 24.929: [GC (Allocation Failure) [PSYoungGen: 16544K->96K(18432K)] 42767K->26319K(59392K), 0.0014909 secs] [Times: user=0.00 sys=0.00, real=0.00 secs] 
2021-04-26T22:18:01.340+0800: 25.264: [GC (Allocation Failure) [PSYoungGen: 16480K->32K(18432K)] 42703K->26287K(59392K), 0.0014068 secs] [Times: user=0.00 sys=0.00, real=0.00 secs] 
2021-04-26T22:18:01.650+0800: 25.575: [GC (Allocation Failure) [PSYoungGen: 16416K->32K(18432K)] 42671K->26287K(59392K), 0.0010959 secs] [Times: user=0.00 sys=0.00, real=0.00 secs] 
2021-04-26T22:18:01.969+0800: 25.894: [GC (Allocation Failure) [PSYoungGen: 16416K->96K(18432K)] 42671K->26351K(59392K), 0.0032632 secs] [Times: user=0.00 sys=0.00, real=0.00 secs] 
2021-04-26T22:18:02.295+0800: 26.220: [GC (Allocation Failure) [PSYoungGen: 16480K->32K(18432K)] 42735K->26327K(59392K), 0.0011473 secs] [Times: user=0.00 sys=0.00, real=0.00 secs] 
2021-04-26T22:18:02.599+0800: 26.524: [GC (Allocation Failure) [PSYoungGen: 16416K->32K(18432K)] 42711K->26327K(59392K), 0.0017355 secs] [Times: user=0.02 sys=0.00, real=0.00 secs] 
2021-04-26T22:18:02.894+0800: 26.820: [GC (Allocation Failure) [PSYoungGen: 16416K->32K(18432K)] 42711K->26327K(59392K), 0.0016312 secs] [Times: user=0.00 sys=0.00, real=0.00 secs] 
2021-04-26T22:18:03.212+0800: 27.137: [GC (Allocation Failure) [PSYoungGen: 16416K->160K(18432K)] 42711K->26455K(59392K), 0.0021089 secs] [Times: user=0.00 sys=0.00, real=0.00 secs] 
2021-04-26T22:18:03.503+0800: 27.427: [GC (Allocation Failure) [PSYoungGen: 16544K->32K(18432K)] 42839K->26343K(59392K), 0.0016577 secs] [Times: user=0.00 sys=0.00, real=0.00 secs] 
2021-04-26T22:18:03.814+0800: 27.739: [GC (Allocation Failure) [PSYoungGen: 16416K->32K(18432K)] 42727K->26343K(59392K), 0.0014601 secs] [Times: user=0.00 sys=0.00, real=0.00 secs] 
2021-04-26T22:18:04.112+0800: 28.038: [GC (Allocation Failure) [PSYoungGen: 16416K->128K(18432K)] 42727K->26439K(59392K), 0.0013269 secs] [Times: user=0.00 sys=0.00, real=0.00 secs] 
2021-04-26T22:18:04.419+0800: 28.344: [GC (Allocation Failure) [PSYoungGen: 16512K->32K(18432K)] 42823K->26359K(59392K), 0.0013577 secs] [Times: user=0.00 sys=0.00, real=0.00 secs] 
2021-04-26T22:18:04.714+0800: 28.640: [GC (Allocation Failure) [PSYoungGen: 16416K->0K(18432K)] 42743K->26327K(59392K), 0.0012716 secs] [Times: user=0.00 sys=0.00, real=0.00 secs] 
2021-04-26T22:18:05.014+0800: 28.939: [GC (Allocation Failure) [PSYoungGen: 16384K->96K(18432K)] 42711K->26423K(59392K), 0.0014513 secs] [Times: user=0.00 sys=0.00, real=0.00 secs] 
2021-04-26T22:18:05.313+0800: 29.239: [GC (Allocation Failure) [PSYoungGen: 16480K->64K(18432K)] 42807K->26415K(59392K), 0.0019948 secs] [Times: user=0.00 sys=0.00, real=0.00 secs] 
2021-04-26T22:18:05.638+0800: 29.563: [GC (Allocation Failure) [PSYoungGen: 16448K->64K(18432K)] 42799K->26415K(59392K), 0.0021832 secs] [Times: user=0.00 sys=0.00, real=0.00 secs] 
2021-04-26T22:18:05.951+0800: 29.876: [GC (Allocation Failure) [PSYoungGen: 16448K->96K(18432K)] 42799K->26447K(59392K), 0.0010925 secs] [Times: user=0.00 sys=0.00, real=0.00 secs] 
2021-04-26T22:18:06.255+0800: 30.180: [GC (Allocation Failure) [PSYoungGen: 16480K->32K(18432K)] 42831K->26415K(59392K), 0.0018661 secs] [Times: user=0.02 sys=0.00, real=0.00 secs] 
2021-04-26T22:18:06.552+0800: 30.477: [GC (Allocation Failure) [PSYoungGen: 16416K->32K(18432K)] 42799K->26415K(59392K), 0.0012834 secs] [Times: user=0.00 sys=0.00, real=0.00 secs] 
2021-04-26T22:18:06.871+0800: 30.796: [GC (Allocation Failure) [PSYoungGen: 16416K->32K(18432K)] 42799K->26415K(59392K), 0.0012115 secs] [Times: user=0.00 sys=0.00, real=0.00 secs] 
2021-04-26T22:18:07.194+0800: 31.119: [GC (Allocation Failure) [PSYoungGen: 16416K->160K(18432K)] 42799K->26543K(59392K), 0.0011267 secs] [Times: user=0.00 sys=0.00, real=0.00 secs] 
2021-04-26T22:18:07.502+0800: 31.427: [GC (Allocation Failure) [PSYoungGen: 16544K->0K(18432K)] 42927K->26415K(59392K), 0.0015716 secs] [Times: user=0.00 sys=0.00, real=0.00 secs] 
2021-04-26T22:18:07.799+0800: 31.725: [GC (Allocation Failure) [PSYoungGen: 16384K->32K(18944K)] 42799K->26447K(59904K), 0.0022296 secs] [Times: user=0.00 sys=0.00, real=0.00 secs] 
2021-04-26T22:18:08.106+0800: 32.030: [GC (Allocation Failure) [PSYoungGen: 16928K->96K(18432K)] 43343K->26511K(59392K), 0.0013450 secs] [Times: user=0.00 sys=0.00, real=0.00 secs] 
2021-04-26T22:18:08.414+0800: 32.339: [GC (Allocation Failure) [PSYoungGen: 16992K->64K(18432K)] 43407K->26495K(59392K), 0.0016419 secs] [Times: user=0.00 sys=0.00, real=0.00 secs] 
2021-04-26T22:18:08.721+0800: 32.646: [GC (Allocation Failure) [PSYoungGen: 16960K->0K(18432K)] 43391K->26439K(59392K), 0.0014674 secs] [Times: user=0.00 sys=0.00, real=0.00 secs] 
2021-04-26T22:18:09.024+0800: 32.949: [GC (Allocation Failure) [PSYoungGen: 16896K->128K(18432K)] 43335K->26567K(59392K), 0.0013831 secs] [Times: user=0.00 sys=0.00, real=0.00 secs] 
2021-04-26T22:18:09.362+0800: 33.288: [GC (Allocation Failure) [PSYoungGen: 17024K->32K(18432K)] 43463K->26503K(59392K), 0.0012781 secs] [Times: user=0.00 sys=0.00, real=0.00 secs] 
2021-04-26T22:18:09.672+0800: 33.597: [GC (Allocation Failure) [PSYoungGen: 16928K->64K(19456K)] 43399K->26535K(60416K), 0.0011610 secs] [Times: user=0.00 sys=0.00, real=0.00 secs] 
2021-04-26T22:18:10.008+0800: 33.933: [GC (Allocation Failure) [PSYoungGen: 17984K->96K(18944K)] 44455K->26567K(59904K), 0.0025894 secs] [Times: user=0.00 sys=0.00, real=0.00 secs] 
2021-04-26T22:18:10.329+0800: 34.255: [GC (Allocation Failure) [PSYoungGen: 18016K->32K(18944K)] 44487K->26519K(59904K), 0.0013582 secs] [Times: user=0.00 sys=0.00, real=0.00 secs] 
2021-04-26T22:18:10.652+0800: 34.577: [GC (Allocation Failure) [PSYoungGen: 17952K->96K(18944K)] 44439K->26583K(59904K), 0.0012206 secs] [Times: user=0.00 sys=0.00, real=0.00 secs] 
2021-04-26T22:18:10.971+0800: 34.896: [GC (Allocation Failure) [PSYoungGen: 18016K->128K(18944K)] 44503K->26615K(59904K), 0.0039021 secs] [Times: user=0.00 sys=0.00, real=0.00 secs] 
2021-04-26T22:18:11.279+0800: 35.204: [GC (Allocation Failure) [PSYoungGen: 18048K->32K(18944K)] 44535K->26535K(59904K), 0.0012399 secs] [Times: user=0.00 sys=0.00, real=0.00 secs] 
2021-04-26T22:18:11.599+0800: 35.524: [GC (Allocation Failure) [PSYoungGen: 17951K->32K(18944K)] 44455K->26535K(59904K), 0.0014406 secs] [Times: user=0.16 sys=0.00, real=0.00 secs] 
2021-04-26T22:18:11.917+0800: 35.842: [GC (Allocation Failure) [PSYoungGen: 17952K->96K(18944K)] 44455K->26599K(59904K), 0.0030980 secs] [Times: user=0.00 sys=0.00, real=0.00 secs] 
2021-04-26T22:18:12.239+0800: 36.164: [GC (Allocation Failure) [PSYoungGen: 18016K->64K(18944K)] 44519K->26607K(59904K), 0.0013879 secs] [Times: user=0.00 sys=0.00, real=0.00 secs] 
2021-04-26T22:18:12.547+0800: 36.472: [GC (Allocation Failure) [PSYoungGen: 17984K->64K(18944K)] 44527K->26607K(59904K), 0.0012704 secs] [Times: user=0.00 sys=0.00, real=0.00 secs] 
2021-04-26T22:18:12.864+0800: 36.789: [GC (Allocation Failure) [PSYoungGen: 17984K->0K(19968K)] 44527K->26559K(60928K), 0.0043119 secs] [Times: user=0.00 sys=0.00, real=0.00 secs] 
2021-04-26T22:18:13.216+0800: 37.141: [GC (Allocation Failure) [PSYoungGen: 19456K->128K(19968K)] 46015K->26687K(60928K), 0.0018770 secs] [Times: user=0.00 sys=0.00, real=0.00 secs] 
2021-04-26T22:18:13.549+0800: 37.474: [GC (Allocation Failure) [PSYoungGen: 19584K->64K(19968K)] 46143K->26639K(60928K), 0.0010985 secs] [Times: user=0.00 sys=0.00, real=0.00 secs] 
2021-04-26T22:18:13.907+0800: 37.832: [GC (Allocation Failure) [PSYoungGen: 19520K->32K(19968K)] 46095K->26607K(60928K), 0.0030512 secs] [Times: user=0.00 sys=0.00, real=0.00 secs] 
2021-04-26T22:18:14.252+0800: 38.177: [GC (Allocation Failure) [PSYoungGen: 19488K->128K(19968K)] 46063K->26703K(60928K), 0.0016582 secs] [Times: user=0.00 sys=0.00, real=0.00 secs] 
2021-04-26T22:18:14.610+0800: 38.535: [GC (Allocation Failure) [PSYoungGen: 19584K->0K(19968K)] 46159K->26599K(60928K), 0.0013020 secs] [Times: user=0.00 sys=0.00, real=0.00 secs] 
2021-04-26T22:18:14.971+0800: 38.896: [GC (Allocation Failure) [PSYoungGen: 19456K->96K(19968K)] 46055K->26695K(60928K), 0.0013568 secs] [Times: user=0.00 sys=0.00, real=0.00 secs] 
2021-04-26T22:18:15.316+0800: 39.241: [GC (Allocation Failure) [PSYoungGen: 19552K->32K(19968K)] 46151K->26647K(60928K), 0.0013171 secs] [Times: user=0.00 sys=0.00, real=0.00 secs] 
2021-04-26T22:18:15.664+0800: 39.590: [GC (Allocation Failure) [PSYoungGen: 19488K->0K(19968K)] 46103K->26615K(60928K), 0.0016640 secs] [Times: user=0.00 sys=0.00, real=0.00 secs] 
2021-04-26T22:18:16.027+0800: 39.953: [GC (Allocation Failure) [PSYoungGen: 19456K->64K(19968K)] 46071K->26679K(60928K), 0.0014121 secs] [Times: user=0.00 sys=0.00, real=0.00 secs] 
2021-04-26T22:18:16.372+0800: 40.297: [GC (Allocation Failure) [PSYoungGen: 19520K->32K(19968K)] 46135K->26663K(60928K), 0.0012921 secs] [Times: user=0.00 sys=0.00, real=0.00 secs] 
2021-04-26T22:18:16.746+0800: 40.671: [GC (Allocation Failure) [PSYoungGen: 19488K->64K(19968K)] 46119K->26695K(60928K), 0.0011567 secs] [Times: user=0.00 sys=0.00, real=0.00 secs] 
2021-04-26T22:18:17.134+0800: 41.059: [GC (Allocation Failure) [PSYoungGen: 19520K->96K(19968K)] 46151K->26727K(60928K), 0.0015997 secs] [Times: user=0.00 sys=0.00, real=0.00 secs] 
2021-04-26T22:18:17.556+0800: 41.481: [GC (Allocation Failure) [PSYoungGen: 19552K->32K(19968K)] 46183K->26679K(60928K), 0.0011850 secs] [Times: user=0.00 sys=0.00, real=0.00 secs] 
2021-04-26T22:18:17.942+0800: 41.867: [GC (Allocation Failure) [PSYoungGen: 19488K->160K(19968K)] 46135K->26807K(60928K), 0.0019611 secs] [Times: user=0.00 sys=0.00, real=0.00 secs] 
2021-04-26T22:18:18.331+0800: 42.256: [GC (Allocation Failure) [PSYoungGen: 19616K->0K(19968K)] 46263K->26671K(60928K), 0.0013988 secs] [Times: user=0.00 sys=0.00, real=0.00 secs] 
2021-04-26T22:18:18.693+0800: 42.618: [GC (Allocation Failure) [PSYoungGen: 19456K->32K(19968K)] 46127K->26703K(60928K), 0.0015502 secs] [Times: user=0.16 sys=0.00, real=0.00 secs] 
2021-04-26T22:18:19.065+0800: 42.990: [GC (Allocation Failure) [PSYoungGen: 19488K->96K(19968K)] 46159K->26767K(60928K), 0.0013560 secs] [Times: user=0.00 sys=0.00, real=0.00 secs] 
2021-04-26T22:18:19.426+0800: 43.351: [GC (Allocation Failure) [PSYoungGen: 19552K->0K(19968K)] 46223K->26687K(60928K), 0.0017226 secs] [Times: user=0.00 sys=0.00, real=0.00 secs] 
2021-04-26T22:18:19.799+0800: 43.724: [GC (Allocation Failure) [PSYoungGen: 19456K->32K(19968K)] 46143K->26719K(60928K), 0.0011374 secs] [Times: user=0.00 sys=0.00, real=0.00 secs] 
2021-04-26T22:18:20.158+0800: 44.083: [GC (Allocation Failure) [PSYoungGen: 19488K->128K(19968K)] 46175K->26815K(60928K), 0.0012517 secs] [Times: user=0.00 sys=0.00, real=0.00 secs] 
2021-04-26T22:18:20.523+0800: 44.448: [GC (Allocation Failure) [PSYoungGen: 19584K->128K(19968K)] 46271K->26815K(60928K), 0.0013899 secs] [Times: user=0.00 sys=0.00, real=0.00 secs] 
2021-04-26T22:18:20.918+0800: 44.843: [GC (Allocation Failure) [PSYoungGen: 19584K->128K(19968K)] 46271K->26815K(60928K), 0.0021867 secs] [Times: user=0.00 sys=0.00, real=0.00 secs] 
2021-04-26T22:18:21.300+0800: 45.226: [GC (Allocation Failure) [PSYoungGen: 19584K->32K(19968K)] 46271K->26751K(60928K), 0.0012739 secs] [Times: user=0.00 sys=0.00, real=0.00 secs] 
2021-04-26T22:18:21.680+0800: 45.605: [GC (Allocation Failure) [PSYoungGen: 19488K->32K(19968K)] 46207K->26751K(60928K), 0.0012893 secs] [Times: user=0.00 sys=0.00, real=0.00 secs] 
2021-04-26T22:18:22.068+0800: 45.993: [GC (Allocation Failure) [PSYoungGen: 19488K->160K(19968K)] 46207K->26879K(60928K), 0.0014397 secs] [Times: user=0.14 sys=0.00, real=0.00 secs] 
2021-04-26T22:18:22.470+0800: 46.396: [GC (Allocation Failure) [PSYoungGen: 19616K->32K(19968K)] 46335K->26767K(60928K), 0.0017610 secs] [Times: user=0.00 sys=0.00, real=0.00 secs] 
2021-04-26T22:18:22.877+0800: 46.801: [GC (Allocation Failure) [PSYoungGen: 19488K->32K(19968K)] 46223K->26767K(60928K), 0.0011665 secs] [Times: user=0.00 sys=0.00, real=0.00 secs] 
2021-04-26T22:18:23.244+0800: 47.169: [GC (Allocation Failure) [PSYoungGen: 19488K->96K(19968K)] 46223K->26831K(60928K), 0.0017546 secs] [Times: user=0.00 sys=0.00, real=0.00 secs] 
2021-04-26T22:18:23.616+0800: 47.541: [GC (Allocation Failure) [PSYoungGen: 19552K->32K(19968K)] 46287K->26791K(60928K), 0.0014622 secs] [Times: user=0.08 sys=0.00, real=0.00 secs] 
2021-04-26T22:18:24.001+0800: 47.926: [GC (Allocation Failure) [PSYoungGen: 19488K->96K(19968K)] 46247K->26855K(60928K), 0.0013017 secs] [Times: user=0.00 sys=0.00, real=0.00 secs] 
2021-04-26T22:18:24.364+0800: 48.289: [GC (Allocation Failure) [PSYoungGen: 19552K->0K(19968K)] 46311K->26791K(60928K), 0.0014238 secs] [Times: user=0.00 sys=0.00, real=0.00 secs] 
2021-04-26T22:18:24.753+0800: 48.678: [GC (Allocation Failure) [PSYoungGen: 19455K->32K(19968K)] 46247K->26823K(60928K), 0.0012429 secs] [Times: user=0.00 sys=0.00, real=0.00 secs] 
2021-04-26T22:18:25.121+0800: 49.046: [GC (Allocation Failure) [PSYoungGen: 19488K->160K(19968K)] 46279K->26951K(60928K), 0.0011756 secs] [Times: user=0.00 sys=0.00, real=0.00 secs] 
2021-04-26T22:18:25.500+0800: 49.425: [GC (Allocation Failure) [PSYoungGen: 19616K->0K(19968K)] 46407K->26807K(60928K), 0.0014808 secs] [Times: user=0.00 sys=0.00, real=0.00 secs] 
2021-04-26T22:18:25.893+0800: 49.818: [GC (Allocation Failure) [PSYoungGen: 19456K->32K(19968K)] 46263K->26839K(60928K), 0.0010581 secs] [Times: user=0.00 sys=0.00, real=0.00 secs] 
2021-04-26T22:18:26.269+0800: 50.194: [GC (Allocation Failure) [PSYoungGen: 19488K->96K(19968K)] 46295K->26903K(60928K), 0.0012682 secs] [Times: user=0.00 sys=0.00, real=0.00 secs] 
2021-04-26T22:18:26.630+0800: 50.555: [GC (Allocation Failure) [PSYoungGen: 19552K->32K(19968K)] 46359K->26871K(60928K), 0.0013228 secs] [Times: user=0.02 sys=0.00, real=0.00 secs] 
2021-04-26T22:18:27.009+0800: 50.934: [GC (Allocation Failure) [PSYoungGen: 19488K->128K(19968K)] 46327K->26967K(60928K), 0.0015980 secs] [Times: user=0.00 sys=0.00, real=0.00 secs] 
2021-04-26T22:18:27.406+0800: 51.331: [GC (Allocation Failure) [PSYoungGen: 19584K->32K(19968K)] 46423K->26895K(60928K), 0.0012260 secs] [Times: user=0.00 sys=0.00, real=0.00 secs] 
2021-04-26T22:18:27.788+0800: 51.713: [GC (Allocation Failure) [PSYoungGen: 19488K->64K(19968K)] 46351K->26927K(60928K), 0.0014136 secs] [Times: user=0.00 sys=0.00, real=0.00 secs] 
2021-04-26T22:18:28.168+0800: 52.093: [GC (Allocation Failure) [PSYoungGen: 19520K->160K(19968K)] 46383K->27023K(60928K), 0.0013640 secs] [Times: user=0.00 sys=0.00, real=0.00 secs] 
2021-04-26T22:18:28.538+0800: 52.464: [GC (Allocation Failure) [PSYoungGen: 19616K->0K(19968K)] 46479K->26887K(60928K), 0.0012119 secs] [Times: user=0.00 sys=0.00, real=0.00 secs] 
2021-04-26T22:18:28.955+0800: 52.880: [GC (Allocation Failure) [PSYoungGen: 19456K->128K(19968K)] 46343K->27015K(60928K), 0.0014744 secs] [Times: user=0.00 sys=0.00, real=0.00 secs] 
2021-04-26T22:18:29.326+0800: 53.252: [GC (Allocation Failure) [PSYoungGen: 19584K->0K(19968K)] 46471K->26903K(60928K), 0.0014405 secs] [Times: user=0.00 sys=0.00, real=0.00 secs] 
2021-04-26T22:18:29.702+0800: 53.627: [GC (Allocation Failure) [PSYoungGen: 19455K->32K(19968K)] 46359K->26935K(60928K), 0.0028252 secs] [Times: user=0.00 sys=0.00, real=0.00 secs] 
2021-04-26T22:18:30.137+0800: 54.062: [GC (Allocation Failure) [PSYoungGen: 19488K->128K(19968K)] 46391K->27031K(60928K), 0.0016366 secs] [Times: user=0.00 sys=0.00, real=0.00 secs] 
2021-04-26T22:18:30.522+0800: 54.446: [GC (Allocation Failure) [PSYoungGen: 19584K->160K(19968K)] 46487K->27063K(60928K), 0.0011498 secs] [Times: user=0.16 sys=0.00, real=0.00 secs] 
2021-04-26T22:18:30.907+0800: 54.832: [GC (Allocation Failure) [PSYoungGen: 19616K->32K(19968K)] 46519K->26959K(60928K), 0.0013903 secs] [Times: user=0.00 sys=0.00, real=0.00 secs] 
2021-04-26T22:18:31.286+0800: 55.211: [GC (Allocation Failure) [PSYoungGen: 19488K->160K(19968K)] 46415K->27087K(60928K), 0.0010737 secs] [Times: user=0.00 sys=0.00, real=0.00 secs] 
2021-04-26T22:18:31.685+0800: 55.610: [GC (Allocation Failure) [PSYoungGen: 19616K->64K(19968K)] 46543K->27023K(60928K), 0.0011972 secs] [Times: user=0.00 sys=0.00, real=0.00 secs] 
2021-04-26T22:18:32.087+0800: 56.012: [GC (Allocation Failure) [PSYoungGen: 19520K->96K(19968K)] 46479K->27055K(60928K), 0.0011680 secs] [Times: user=0.00 sys=0.00, real=0.00 secs] 
2021-04-26T22:18:32.520+0800: 56.445: [GC (Allocation Failure) [PSYoungGen: 19552K->0K(19968K)] 46511K->26991K(60928K), 0.0011858 secs] [Times: user=0.00 sys=0.00, real=0.00 secs] 
2021-04-26T22:18:32.898+0800: 56.823: [GC (Allocation Failure) [PSYoungGen: 19456K->32K(19968K)] 46447K->27023K(60928K), 0.0015654 secs] [Times: user=0.00 sys=0.00, real=0.00 secs] 
2021-04-26T22:18:33.297+0800: 57.222: [GC (Allocation Failure) [PSYoungGen: 19488K->128K(19968K)] 46479K->27119K(60928K), 0.0018670 secs] [Times: user=0.00 sys=0.00, real=0.00 secs] 
2021-04-26T22:18:33.683+0800: 57.608: [GC (Allocation Failure) [PSYoungGen: 19584K->32K(19968K)] 46575K->27055K(60928K), 0.0011667 secs] [Times: user=0.00 sys=0.00, real=0.00 secs] 
2021-04-26T22:18:34.073+0800: 57.999: [GC (Allocation Failure) [PSYoungGen: 19488K->128K(19968K)] 46511K->27151K(60928K), 0.0011823 secs] [Times: user=0.00 sys=0.00, real=0.00 secs] 
2021-04-26T22:18:34.460+0800: 58.385: [GC (Allocation Failure) [PSYoungGen: 19584K->0K(19968K)] 46607K->27047K(60928K), 0.0022106 secs] [Times: user=0.00 sys=0.00, real=0.00 secs] 
2021-04-26T22:18:34.831+0800: 58.757: [GC (Allocation Failure) [PSYoungGen: 19456K->32K(19968K)] 46503K->27079K(60928K), 0.0025409 secs] [Times: user=0.00 sys=0.00, real=0.00 secs] 
2021-04-26T22:18:35.236+0800: 59.161: [GC (Allocation Failure) [PSYoungGen: 19488K->96K(19968K)] 46535K->27143K(60928K), 0.0036839 secs] [Times: user=0.00 sys=0.00, real=0.00 secs] 
2021-04-26T22:18:35.618+0800: 59.543: [GC (Allocation Failure) [PSYoungGen: 19552K->32K(19968K)] 46599K->27111K(60928K), 0.0014860 secs] [Times: user=0.00 sys=0.00, real=0.00 secs] 
2021-04-26T22:18:36.006+0800: 59.931: [GC (Allocation Failure) [PSYoungGen: 19488K->160K(19968K)] 46567K->27239K(60928K), 0.0013802 secs] [Times: user=0.01 sys=0.00, real=0.00 secs] 
2021-04-26T22:18:36.398+0800: 60.323: [GC (Allocation Failure) [PSYoungGen: 19616K->32K(19968K)] 46695K->27127K(60928K), 0.0015803 secs] [Times: user=0.00 sys=0.00, real=0.00 secs] 
2021-04-26T22:18:36.811+0800: 60.736: [GC (Allocation Failure) [PSYoungGen: 19487K->32K(19968K)] 46583K->27127K(60928K), 0.0018829 secs] [Times: user=0.00 sys=0.00, real=0.00 secs] 
2021-04-26T22:18:37.203+0800: 61.128: [GC (Allocation Failure) [PSYoungGen: 19488K->64K(19968K)] 46583K->27159K(60928K), 0.0014137 secs] [Times: user=0.00 sys=0.00, real=0.00 secs] 
2021-04-26T22:18:37.587+0800: 61.512: [GC (Allocation Failure) [PSYoungGen: 19520K->32K(19968K)] 46615K->27143K(60928K), 0.0016610 secs] [Times: user=0.00 sys=0.00, real=0.00 secs] 
2021-04-26T22:18:37.976+0800: 61.901: [GC (Allocation Failure) [PSYoungGen: 19488K->192K(19968K)] 46599K->27303K(60928K), 0.0015311 secs] [Times: user=0.00 sys=0.00, real=0.00 secs] 
2021-04-26T22:18:38.384+0800: 62.309: [GC (Allocation Failure) [PSYoungGen: 19648K->32K(19968K)] 46759K->27175K(60928K), 0.0014451 secs] [Times: user=0.00 sys=0.00, real=0.00 secs] 
2021-04-26T22:18:38.776+0800: 62.701: [GC (Allocation Failure) [PSYoungGen: 19488K->64K(19968K)] 46631K->27207K(60928K), 0.0016978 secs] [Times: user=0.00 sys=0.00, real=0.00 secs] 
2021-04-26T22:18:39.186+0800: 63.112: [GC (Allocation Failure) [PSYoungGen: 19520K->160K(19968K)] 46663K->27303K(60928K), 0.0017149 secs] [Times: user=0.00 sys=0.00, real=0.00 secs] 
2021-04-26T22:18:39.609+0800: 63.534: [GC (Allocation Failure) [PSYoungGen: 19616K->32K(19968K)] 46759K->27207K(60928K), 0.0012696 secs] [Times: user=0.00 sys=0.00, real=0.00 secs] 
2021-04-26T22:18:40.009+0800: 63.934: [GC (Allocation Failure) [PSYoungGen: 19488K->96K(19968K)] 46663K->27271K(60928K), 0.0015645 secs] [Times: user=0.00 sys=0.00, real=0.00 secs] 
2021-04-26T22:18:40.396+0800: 64.321: [GC (Allocation Failure) [PSYoungGen: 19552K->32K(19968K)] 46727K->27223K(60928K), 0.0013609 secs] [Times: user=0.00 sys=0.00, real=0.00 secs] 
