Java HotSpot(TM) 64-Bit Server VM (25.131-b11) for windows-amd64 JRE (1.8.0_131-b11), built on Mar 15 2017 01:23:53 by "java_re" with MS VC++ 10.0 (VS2010)
Memory: 4k page, physical 33359028k(20242496k free), swap 38339764k(24411648k free)
CommandLine flags: -XX:+HeapDumpOnOutOfMemoryError -XX:HeapDumpPath=heap/dumpHeap1.hprof -XX:InitialHeapSize=10485760 -XX:MaxHeapSize=10485760 -XX:+PrintGC -XX:+PrintGCDateStamps -XX:+PrintGCDetails -XX:+PrintGCTimeStamps -XX:+UseCompressedClassPointers -XX:+UseCompressedOops -XX:-UseGCOverheadLimit -XX:-UseLargePagesIndividualAllocation -XX:+UseParallelGC 
2021-04-26T22:32:59.427+0800: 0.170: [GC (Allocation Failure) [PSYoungGen: 2048K->488K(2560K)] 2048K->752K(9728K), 0.0007287 secs] [Times: user=0.02 sys=0.00, real=0.00 secs] 
2021-04-26T22:33:00.078+0800: 0.820: [GC (Allocation Failure) [PSYoungGen: 2536K->488K(2560K)] 2800K->944K(9728K), 0.0009252 secs] [Times: user=0.00 sys=0.00, real=0.00 secs] 
2021-04-26T22:33:00.084+0800: 0.826: [GC (Allocation Failure) [PSYoungGen: 2536K->480K(2560K)] 2992K->1216K(9728K), 0.0008688 secs] [Times: user=0.09 sys=0.00, real=0.00 secs] 
2021-04-26T22:33:00.091+0800: 0.833: [GC (Allocation Failure) [PSYoungGen: 2528K->480K(2560K)] 3264K->1416K(9728K), 0.0007509 secs] [Times: user=0.00 sys=0.00, real=0.00 secs] 
2021-04-26T22:33:00.099+0800: 0.841: [GC (Allocation Failure) [PSYoungGen: 2528K->496K(2560K)] 3464K->1672K(9728K), 0.0012691 secs] [Times: user=0.03 sys=0.00, real=0.00 secs] 
2021-04-26T22:33:00.106+0800: 0.848: [GC (Allocation Failure) [PSYoungGen: 2544K->492K(1536K)] 3720K->1932K(8704K), 0.0013859 secs] [Times: user=0.00 sys=0.00, real=0.00 secs] 
2021-04-26T22:33:00.110+0800: 0.852: [GC (Allocation Failure) [PSYoungGen: 1516K->292K(2048K)] 2956K->2172K(9216K), 0.0010665 secs] [Times: user=0.00 sys=0.00, real=0.00 secs] 
2021-04-26T22:33:00.113+0800: 0.855: [GC (Allocation Failure) [PSYoungGen: 1316K->502K(2048K)] 3196K->2399K(9216K), 0.0007722 secs] [Times: user=0.00 sys=0.00, real=0.00 secs] 
2021-04-26T22:33:00.116+0800: 0.858: [GC (Allocation Failure) [PSYoungGen: 1526K->470K(2048K)] 3423K->2479K(9216K), 0.0015740 secs] [Times: user=0.00 sys=0.00, real=0.00 secs] 
2021-04-26T22:33:00.119+0800: 0.862: [GC (Allocation Failure) [PSYoungGen: 1494K->352K(2048K)] 3503K->2663K(9216K), 0.0009039 secs] [Times: user=0.00 sys=0.00, real=0.00 secs] 
2021-04-26T22:33:00.122+0800: 0.864: [GC (Allocation Failure) [PSYoungGen: 1376K->320K(2048K)] 3687K->2871K(9216K), 0.0009605 secs] [Times: user=0.00 sys=0.00, real=0.00 secs] 
2021-04-26T22:33:00.124+0800: 0.866: [GC (Allocation Failure) [PSYoungGen: 1344K->288K(2048K)] 3895K->2983K(9216K), 0.0007959 secs] [Times: user=0.00 sys=0.00, real=0.00 secs] 
2021-04-26T22:33:00.126+0800: 0.869: [GC (Allocation Failure) [PSYoungGen: 1312K->274K(2048K)] 4007K->3113K(9216K), 0.0013087 secs] [Times: user=0.00 sys=0.00, real=0.00 secs] 
2021-04-26T22:33:00.129+0800: 0.872: [GC (Allocation Failure) [PSYoungGen: 1298K->288K(2048K)] 4137K->3345K(9216K), 0.0008807 secs] [Times: user=0.00 sys=0.00, real=0.00 secs] 
2021-04-26T22:33:00.131+0800: 0.874: [GC (Allocation Failure) [PSYoungGen: 1312K->256K(2048K)] 4369K->3441K(9216K), 0.0009809 secs] [Times: user=0.00 sys=0.00, real=0.00 secs] 
2021-04-26T22:33:00.134+0800: 0.877: [GC (Allocation Failure) [PSYoungGen: 1280K->224K(2048K)] 4465K->3529K(9216K), 0.0011545 secs] [Times: user=0.00 sys=0.00, real=0.00 secs] 
2021-04-26T22:33:00.138+0800: 0.880: [GC (Allocation Failure) [PSYoungGen: 1248K->192K(2048K)] 4553K->3625K(9216K), 0.0009810 secs] [Times: user=0.00 sys=0.00, real=0.00 secs] 
2021-04-26T22:33:00.141+0800: 0.883: [GC (Allocation Failure) [PSYoungGen: 1216K->192K(2048K)] 4649K->3745K(9216K), 0.0018828 secs] [Times: user=0.00 sys=0.00, real=0.00 secs] 
2021-04-26T22:33:00.144+0800: 0.886: [GC (Allocation Failure) [PSYoungGen: 1216K->224K(2048K)] 4769K->3905K(9216K), 0.0014133 secs] [Times: user=0.00 sys=0.00, real=0.00 secs] 
2021-04-26T22:33:00.147+0800: 0.889: [GC (Allocation Failure) [PSYoungGen: 1248K->283K(2048K)] 4929K->4084K(9216K), 0.0012196 secs] [Times: user=0.11 sys=0.00, real=0.00 secs] 
2021-04-26T22:33:00.150+0800: 0.892: [GC (Allocation Failure) [PSYoungGen: 1307K->320K(2048K)] 5108K->4388K(9216K), 0.0012851 secs] [Times: user=0.00 sys=0.00, real=0.00 secs] 
2021-04-26T22:33:00.152+0800: 0.895: [GC (Allocation Failure) [PSYoungGen: 1344K->224K(2048K)] 5412K->4428K(9216K), 0.0011807 secs] [Times: user=0.00 sys=0.00, real=0.00 secs] 
2021-04-26T22:33:00.156+0800: 0.899: [GC (Allocation Failure) [PSYoungGen: 1248K->224K(2048K)] 5452K->4556K(9216K), 0.0013530 secs] [Times: user=0.00 sys=0.00, real=0.00 secs] 
2021-04-26T22:33:00.160+0800: 0.902: [GC (Allocation Failure) [PSYoungGen: 1248K->288K(2048K)] 5580K->4764K(9216K), 0.0010850 secs] [Times: user=0.00 sys=0.00, real=0.00 secs] 
2021-04-26T22:33:00.162+0800: 0.904: [GC (Allocation Failure) [PSYoungGen: 1312K->320K(2048K)] 5788K->4924K(9216K), 0.0009623 secs] [Times: user=0.03 sys=0.00, real=0.00 secs] 
2021-04-26T22:33:00.165+0800: 0.907: [GC (Allocation Failure) [PSYoungGen: 1344K->320K(2048K)] 5948K->5068K(9216K), 0.0012621 secs] [Times: user=0.00 sys=0.00, real=0.00 secs] 
2021-04-26T22:33:00.167+0800: 0.910: [GC (Allocation Failure) [PSYoungGen: 1344K->288K(2048K)] 6092K->5172K(9216K), 0.0019928 secs] [Times: user=0.00 sys=0.00, real=0.00 secs] 
2021-04-26T22:33:00.170+0800: 0.913: [GC (Allocation Failure) [PSYoungGen: 1312K->288K(2048K)] 6196K->5300K(9216K), 0.0020773 secs] [Times: user=0.00 sys=0.00, real=0.00 secs] 
2021-04-26T22:33:00.174+0800: 0.917: [GC (Allocation Failure) [PSYoungGen: 1312K->288K(2048K)] 6324K->5420K(9216K), 0.0017347 secs] [Times: user=0.00 sys=0.00, real=0.00 secs] 
2021-04-26T22:33:00.178+0800: 0.920: [GC (Allocation Failure) [PSYoungGen: 1312K->320K(2048K)] 6444K->5588K(9216K), 0.0024716 secs] [Times: user=0.02 sys=0.00, real=0.00 secs] 
2021-04-26T22:33:00.182+0800: 0.925: [GC (Allocation Failure) [PSYoungGen: 1263K->320K(2048K)] 6531K->5724K(9216K), 0.0015731 secs] [Times: user=0.00 sys=0.00, real=0.00 secs] 
2021-04-26T22:33:00.185+0800: 0.927: [GC (Allocation Failure) [PSYoungGen: 1344K->441K(2048K)] 6748K->5982K(9216K), 0.0013147 secs] [Times: user=0.00 sys=0.00, real=0.00 secs] 
2021-04-26T22:33:00.188+0800: 0.930: [GC (Allocation Failure) [PSYoungGen: 1465K->288K(2048K)] 7006K->6142K(9216K), 0.0014575 secs] [Times: user=0.00 sys=0.00, real=0.00 secs] 
2021-04-26T22:33:00.190+0800: 0.933: [GC (Allocation Failure) [PSYoungGen: 1312K->288K(2048K)] 7166K->6294K(9216K), 0.0015891 secs] [Times: user=0.00 sys=0.00, real=0.00 secs] 
2021-04-26T22:33:00.193+0800: 0.935: [GC (Allocation Failure) [PSYoungGen: 1312K->288K(2048K)] 7318K->6438K(9216K), 0.0017151 secs] [Times: user=0.03 sys=0.00, real=0.00 secs] 
2021-04-26T22:33:00.196+0800: 0.938: [GC (Allocation Failure) [PSYoungGen: 1312K->288K(2560K)] 7462K->6582K(9728K), 0.0015544 secs] [Times: user=0.00 sys=0.00, real=0.00 secs] 
2021-04-26T22:33:00.199+0800: 0.941: [GC (Allocation Failure) [PSYoungGen: 1824K->352K(2048K)] 8118K->6790K(9216K), 0.0017225 secs] [Times: user=0.00 sys=0.00, real=0.00 secs] 
2021-04-26T22:33:00.202+0800: 0.945: [GC (Allocation Failure) [PSYoungGen: 1888K->320K(2560K)] 8326K->6942K(9728K), 0.0016991 secs] [Times: user=0.00 sys=0.00, real=0.00 secs] 
2021-04-26T22:33:00.207+0800: 0.949: [GC (Allocation Failure) [PSYoungGen: 2368K->320K(2560K)] 8990K->7142K(9728K), 0.0024573 secs] [Times: user=0.00 sys=0.00, real=0.00 secs] 
2021-04-26T22:33:00.213+0800: 0.955: [GC (Allocation Failure) [PSYoungGen: 2368K->352K(2560K)] 9190K->7406K(9728K), 0.0020218 secs] [Times: user=0.00 sys=0.00, real=0.00 secs] 
2021-04-26T22:33:00.215+0800: 0.957: [Full GC (Ergonomics) [PSYoungGen: 352K->0K(2560K)] [ParOldGen: 7054K->5665K(7168K)] 7406K->5665K(9728K), [Metaspace: 4052K->4052K(1056768K)], 0.0406599 secs] [Times: user=0.09 sys=0.00, real=0.04 secs] 
2021-04-26T22:33:00.259+0800: 1.001: [GC (Allocation Failure) [PSYoungGen: 2048K->320K(2560K)] 7713K->5985K(9728K), 0.0029116 secs] [Times: user=0.00 sys=0.00, real=0.00 secs] 
2021-04-26T22:33:00.264+0800: 1.006: [GC (Allocation Failure) [PSYoungGen: 2368K->320K(2560K)] 8033K->6225K(9728K), 0.0018519 secs] [Times: user=0.00 sys=0.00, real=0.00 secs] 
2021-04-26T22:33:00.268+0800: 1.010: [GC (Allocation Failure) [PSYoungGen: 2368K->501K(2560K)] 8273K->6679K(9728K), 0.0021891 secs] [Times: user=0.00 sys=0.00, real=0.00 secs] 
2021-04-26T22:33:00.273+0800: 1.015: [GC (Allocation Failure) [PSYoungGen: 2549K->256K(1536K)] 8727K->6919K(8704K), 0.0030069 secs] [Times: user=0.00 sys=0.00, real=0.00 secs] 
2021-04-26T22:33:00.277+0800: 1.019: [GC (Allocation Failure) [PSYoungGen: 1280K->256K(2048K)] 7943K->7143K(9216K), 0.0038359 secs] [Times: user=0.00 sys=0.00, real=0.00 secs] 
2021-04-26T22:33:00.281+0800: 1.023: [Full GC (Ergonomics) [PSYoungGen: 256K->0K(2048K)] [ParOldGen: 6887K->6670K(7168K)] 7143K->6670K(9216K), [Metaspace: 4052K->4052K(1056768K)], 0.0254029 secs] [Times: user=0.14 sys=0.00, real=0.03 secs] 
2021-04-26T22:33:00.308+0800: 1.050: [GC (Allocation Failure) [PSYoungGen: 1024K->256K(2048K)] 7694K->6926K(9216K), 0.0021855 secs] [Times: user=0.00 sys=0.00, real=0.00 secs] 
2021-04-26T22:33:00.312+0800: 1.054: [GC (Allocation Failure) [PSYoungGen: 1280K->256K(2048K)] 7950K->7062K(9216K), 0.0031924 secs] [Times: user=0.00 sys=0.00, real=0.00 secs] 
2021-04-26T22:33:00.315+0800: 1.058: [Full GC (Ergonomics) [PSYoungGen: 256K->0K(2048K)] [ParOldGen: 6806K->6871K(7168K)] 7062K->6871K(9216K), [Metaspace: 4052K->4052K(1056768K)], 0.0269647 secs] [Times: user=0.25 sys=0.02, real=0.03 secs] 
2021-04-26T22:33:00.344+0800: 1.086: [Full GC (Ergonomics) [PSYoungGen: 1024K->0K(2048K)] [ParOldGen: 6871K->7007K(7168K)] 7895K->7007K(9216K), [Metaspace: 4112K->4112K(1056768K)], 0.0165247 secs] [Times: user=0.13 sys=0.00, real=0.02 secs] 
2021-04-26T22:33:00.362+0800: 1.104: [Full GC (Ergonomics) [PSYoungGen: 1024K->0K(2048K)] [ParOldGen: 7007K->7143K(7168K)] 8031K->7143K(9216K), [Metaspace: 4166K->4166K(1056768K)], 0.0166994 secs] [Times: user=0.13 sys=0.02, real=0.02 secs] 
2021-04-26T22:33:00.380+0800: 1.123: [Full GC (Ergonomics) [PSYoungGen: 1024K->153K(2048K)] [ParOldGen: 7143K->7143K(7168K)] 8167K->7297K(9216K), [Metaspace: 4180K->4180K(1056768K)], 0.0226965 secs] [Times: user=0.28 sys=0.00, real=0.02 secs] 
2021-04-26T22:33:00.404+0800: 1.146: [Full GC (Ergonomics) [PSYoungGen: 1024K->382K(2048K)] [ParOldGen: 7143K->7143K(7168K)] 8167K->7526K(9216K), [Metaspace: 4186K->4186K(1056768K)], 0.0218232 secs] [Times: user=0.02 sys=0.00, real=0.02 secs] 
2021-04-26T22:33:00.427+0800: 1.169: [Full GC (Ergonomics) [PSYoungGen: 1024K->479K(2048K)] [ParOldGen: 7143K->7143K(7168K)] 8167K->7623K(9216K), [Metaspace: 4187K->4187K(1056768K)], 0.0196055 secs] [Times: user=0.17 sys=0.00, real=0.02 secs] 
2021-04-26T22:33:00.448+0800: 1.190: [Full GC (Ergonomics) [PSYoungGen: 1024K->546K(2048K)] [ParOldGen: 7143K->7143K(7168K)] 8167K->7689K(9216K), [Metaspace: 4203K->4203K(1056768K)], 0.0163898 secs] [Times: user=0.01 sys=0.00, real=0.02 secs] 
2021-04-26T22:33:00.465+0800: 1.207: [Full GC (Ergonomics) [PSYoungGen: 1024K->606K(2048K)] [ParOldGen: 7143K->7143K(7168K)] 8167K->7749K(9216K), [Metaspace: 4246K->4246K(1056768K)], 0.0160941 secs] [Times: user=0.02 sys=0.00, real=0.02 secs] 
2021-04-26T22:33:00.482+0800: 1.224: [Full GC (Ergonomics) [PSYoungGen: 1024K->661K(2048K)] [ParOldGen: 7143K->7143K(7168K)] 8167K->7805K(9216K), [Metaspace: 4269K->4269K(1056768K)], 0.0145498 secs] [Times: user=0.02 sys=0.00, real=0.01 secs] 
2021-04-26T22:33:00.497+0800: 1.239: [Full GC (Ergonomics) [PSYoungGen: 1024K->708K(2048K)] [ParOldGen: 7143K->7143K(7168K)] 8167K->7851K(9216K), [Metaspace: 4294K->4294K(1056768K)], 0.0174074 secs] [Times: user=0.02 sys=0.00, real=0.02 secs] 
2021-04-26T22:33:00.515+0800: 1.257: [Full GC (Ergonomics) [PSYoungGen: 1024K->751K(2048K)] [ParOldGen: 7143K->7143K(7168K)] 8167K->7895K(9216K), [Metaspace: 4301K->4301K(1056768K)], 0.0213179 secs] [Times: user=0.14 sys=0.00, real=0.02 secs] 
2021-04-26T22:33:00.537+0800: 1.279: [Full GC (Ergonomics) [PSYoungGen: 1024K->793K(2048K)] [ParOldGen: 7143K->7143K(7168K)] 8167K->7937K(9216K), [Metaspace: 4309K->4309K(1056768K)], 0.0175080 secs] [Times: user=0.16 sys=0.00, real=0.02 secs] 
2021-04-26T22:33:00.555+0800: 1.297: [Full GC (Ergonomics) [PSYoungGen: 1024K->824K(2048K)] [ParOldGen: 7143K->7143K(7168K)] 8167K->7967K(9216K), [Metaspace: 4321K->4321K(1056768K)], 0.0147310 secs] [Times: user=0.13 sys=0.02, real=0.01 secs] 
2021-04-26T22:33:00.570+0800: 1.313: [Full GC (Ergonomics) [PSYoungGen: 1024K->850K(2048K)] [ParOldGen: 7143K->7143K(7168K)] 8167K->7993K(9216K), [Metaspace: 4329K->4329K(1056768K)], 0.0217367 secs] [Times: user=0.02 sys=0.00, real=0.02 secs] 
2021-04-26T22:33:00.592+0800: 1.335: [Full GC (Ergonomics) [PSYoungGen: 1024K->874K(2048K)] [ParOldGen: 7143K->7143K(7168K)] 8167K->8017K(9216K), [Metaspace: 4335K->4335K(1056768K)], 0.0163171 secs] [Times: user=0.14 sys=0.00, real=0.02 secs] 
2021-04-26T22:33:00.608+0800: 1.351: [Full GC (Ergonomics) [PSYoungGen: 1024K->895K(2048K)] [ParOldGen: 7143K->7143K(7168K)] 8167K->8038K(9216K), [Metaspace: 4335K->4335K(1056768K)], 0.0195650 secs] [Times: user=0.11 sys=0.00, real=0.02 secs] 
2021-04-26T22:33:00.629+0800: 1.371: [Full GC (Ergonomics) [PSYoungGen: 1024K->912K(2048K)] [ParOldGen: 7143K->7143K(7168K)] 8167K->8055K(9216K), [Metaspace: 4335K->4335K(1056768K)], 0.0235175 secs] [Times: user=0.08 sys=0.00, real=0.02 secs] 
2021-04-26T22:33:00.652+0800: 1.395: [Full GC (Ergonomics) [PSYoungGen: 1024K->948K(2048K)] [ParOldGen: 7143K->7143K(7168K)] 8167K->8091K(9216K), [Metaspace: 4337K->4337K(1056768K)], 0.0185317 secs] [Times: user=0.00 sys=0.00, real=0.02 secs] 
2021-04-26T22:33:00.672+0800: 1.414: [Full GC (Ergonomics) [PSYoungGen: 1024K->958K(2048K)] [ParOldGen: 7143K->7143K(7168K)] 8167K->8101K(9216K), [Metaspace: 4337K->4337K(1056768K)], 0.0199713 secs] [Times: user=0.14 sys=0.00, real=0.02 secs] 
2021-04-26T22:33:00.692+0800: 1.434: [Full GC (Ergonomics) [PSYoungGen: 1024K->966K(2048K)] [ParOldGen: 7143K->7143K(7168K)] 8167K->8110K(9216K), [Metaspace: 4338K->4338K(1056768K)], 0.0215315 secs] [Times: user=0.17 sys=0.00, real=0.02 secs] 
2021-04-26T22:33:00.713+0800: 1.456: [Full GC (Ergonomics) [PSYoungGen: 1024K->979K(2048K)] [ParOldGen: 7143K->7143K(7168K)] 8167K->8122K(9216K), [Metaspace: 4338K->4338K(1056768K)], 0.0256716 secs] [Times: user=0.02 sys=0.00, real=0.03 secs] 
2021-04-26T22:33:00.740+0800: 1.482: [Full GC (Ergonomics) [PSYoungGen: 1024K->987K(2048K)] [ParOldGen: 7143K->7143K(7168K)] 8167K->8130K(9216K), [Metaspace: 4339K->4339K(1056768K)], 0.0210378 secs] [Times: user=0.11 sys=0.00, real=0.02 secs] 
2021-04-26T22:33:00.761+0800: 1.503: [Full GC (Ergonomics) [PSYoungGen: 1024K->967K(2048K)] [ParOldGen: 7143K->7143K(7168K)] 8167K->8110K(9216K), [Metaspace: 4340K->4340K(1056768K)], 0.0271016 secs] [Times: user=0.17 sys=0.00, real=0.03 secs] 
2021-04-26T22:33:00.788+0800: 1.531: [Full GC (Ergonomics) [PSYoungGen: 1024K->974K(2048K)] [ParOldGen: 7143K->7143K(7168K)] 8167K->8117K(9216K), [Metaspace: 4341K->4341K(1056768K)], 0.0166757 secs] [Times: user=0.13 sys=0.00, real=0.02 secs] 
2021-04-26T22:33:00.805+0800: 1.548: [Full GC (Ergonomics) [PSYoungGen: 1024K->980K(2048K)] [ParOldGen: 7143K->7143K(7168K)] 8167K->8123K(9216K), [Metaspace: 4341K->4341K(1056768K)], 0.0191245 secs] [Times: user=0.02 sys=0.00, real=0.02 secs] 
2021-04-26T22:33:00.825+0800: 1.567: [Full GC (Ergonomics) [PSYoungGen: 1024K->986K(2048K)] [ParOldGen: 7143K->7143K(7168K)] 8167K->8129K(9216K), [Metaspace: 4341K->4341K(1056768K)], 0.0264409 secs] [Times: user=0.22 sys=0.01, real=0.03 secs] 
2021-04-26T22:33:00.851+0800: 1.594: [Full GC (Ergonomics) [PSYoungGen: 1024K->990K(2048K)] [ParOldGen: 7143K->7143K(7168K)] 8167K->8134K(9216K), [Metaspace: 4341K->4341K(1056768K)], 0.0227586 secs] [Times: user=0.02 sys=0.00, real=0.02 secs] 
2021-04-26T22:33:00.874+0800: 1.617: [Full GC (Ergonomics) [PSYoungGen: 1024K->995K(2048K)] [ParOldGen: 7143K->7143K(7168K)] 8167K->8138K(9216K), [Metaspace: 4341K->4341K(1056768K)], 0.0227444 secs] [Times: user=0.27 sys=0.00, real=0.02 secs] 
2021-04-26T22:33:00.898+0800: 1.640: [Full GC (Ergonomics) [PSYoungGen: 1024K->998K(2048K)] [ParOldGen: 7143K->7143K(7168K)] 8167K->8141K(9216K), [Metaspace: 4341K->4341K(1056768K)], 0.0246741 secs] [Times: user=0.02 sys=0.00, real=0.02 secs] 
2021-04-26T22:33:00.923+0800: 1.665: [Full GC (Ergonomics) [PSYoungGen: 1024K->1002K(2048K)] [ParOldGen: 7143K->7143K(7168K)] 8167K->8145K(9216K), [Metaspace: 4341K->4341K(1056768K)], 0.0384411 secs] [Times: user=0.22 sys=0.00, real=0.04 secs] 
2021-04-26T22:33:00.961+0800: 1.704: [Full GC (Ergonomics) [PSYoungGen: 1024K->1004K(2048K)] [ParOldGen: 7143K->7143K(7168K)] 8167K->8147K(9216K), [Metaspace: 4341K->4341K(1056768K)], 0.0287867 secs] [Times: user=0.02 sys=0.00, real=0.03 secs] 
2021-04-26T22:33:00.990+0800: 1.733: [Full GC (Ergonomics) [PSYoungGen: 1024K->1007K(2048K)] [ParOldGen: 7143K->7143K(7168K)] 8167K->8150K(9216K), [Metaspace: 4341K->4341K(1056768K)], 0.0294067 secs] [Times: user=0.03 sys=0.03, real=0.03 secs] 
2021-04-26T22:33:01.020+0800: 1.762: [Full GC (Ergonomics) [PSYoungGen: 1024K->1009K(2048K)] [ParOldGen: 7143K->7143K(7168K)] 8167K->8152K(9216K), [Metaspace: 4341K->4341K(1056768K)], 0.0334187 secs] [Times: user=0.06 sys=0.03, real=0.03 secs] 
2021-04-26T22:33:01.053+0800: 1.796: [Full GC (Ergonomics) [PSYoungGen: 1024K->1011K(2048K)] [ParOldGen: 7143K->7143K(7168K)] 8167K->8154K(9216K), [Metaspace: 4341K->4341K(1056768K)], 0.0256327 secs] [Times: user=0.05 sys=0.02, real=0.03 secs] 
2021-04-26T22:33:01.079+0800: 1.822: [Full GC (Ergonomics) [PSYoungGen: 1024K->1013K(2048K)] [ParOldGen: 7143K->7143K(7168K)] 8167K->8156K(9216K), [Metaspace: 4341K->4341K(1056768K)], 0.0362573 secs] [Times: user=0.09 sys=0.00, real=0.04 secs] 
2021-04-26T22:33:01.116+0800: 1.859: [Full GC (Ergonomics) [PSYoungGen: 1024K->1014K(2048K)] [ParOldGen: 7143K->7143K(7168K)] 8167K->8157K(9216K), [Metaspace: 4341K->4341K(1056768K)], 0.0310335 secs] [Times: user=0.02 sys=0.00, real=0.03 secs] 
2021-04-26T22:33:01.148+0800: 1.890: [Full GC (Ergonomics) [PSYoungGen: 1024K->1015K(2048K)] [ParOldGen: 7143K->7143K(7168K)] 8167K->8159K(9216K), [Metaspace: 4341K->4341K(1056768K)], 0.0408802 secs] [Times: user=0.03 sys=0.00, real=0.04 secs] 
2021-04-26T22:33:01.189+0800: 1.931: [Full GC (Ergonomics) [PSYoungGen: 1024K->1016K(2048K)] [ParOldGen: 7143K->7143K(7168K)] 8167K->8159K(9216K), [Metaspace: 4341K->4341K(1056768K)], 0.0433164 secs] [Times: user=0.08 sys=0.02, real=0.04 secs] 
2021-04-26T22:33:01.232+0800: 1.975: [Full GC (Ergonomics) [PSYoungGen: 1024K->1017K(2048K)] [ParOldGen: 7143K->7143K(7168K)] 8167K->8160K(9216K), [Metaspace: 4341K->4341K(1056768K)], 0.0301117 secs] [Times: user=0.08 sys=0.00, real=0.03 secs] 
2021-04-26T22:33:01.263+0800: 2.005: [Full GC (Ergonomics) [PSYoungGen: 1024K->1018K(2048K)] [ParOldGen: 7143K->7143K(7168K)] 8167K->8161K(9216K), [Metaspace: 4341K->4341K(1056768K)], 0.0241306 secs] [Times: user=0.09 sys=0.00, real=0.02 secs] 
2021-04-26T22:33:01.288+0800: 2.030: [Full GC (Ergonomics) [PSYoungGen: 1024K->1019K(2048K)] [ParOldGen: 7143K->7143K(7168K)] 8167K->8162K(9216K), [Metaspace: 4341K->4341K(1056768K)], 0.0250024 secs] [Times: user=0.02 sys=0.00, real=0.02 secs] 
2021-04-26T22:33:01.312+0800: 2.055: [Full GC (Ergonomics) [PSYoungGen: 1024K->1019K(2048K)] [ParOldGen: 7143K->7122K(7168K)] 8167K->8142K(9216K), [Metaspace: 4341K->4341K(1056768K)], 0.0362356 secs] [Times: user=0.19 sys=0.00, real=0.04 secs] 
2021-04-26T22:33:01.349+0800: 2.091: [Full GC (Ergonomics) [PSYoungGen: 1024K->1020K(2048K)] [ParOldGen: 7122K->7122K(7168K)] 8146K->8142K(9216K), [Metaspace: 4341K->4341K(1056768K)], 0.0196241 secs] [Times: user=0.23 sys=0.00, real=0.02 secs] 
2021-04-26T22:33:01.370+0800: 2.111: [Full GC (Ergonomics) [PSYoungGen: 1024K->1020K(2048K)] [ParOldGen: 7122K->7122K(7168K)] 8146K->8143K(9216K), [Metaspace: 4341K->4341K(1056768K)], 0.0318130 secs] [Times: user=0.06 sys=0.00, real=0.03 secs] 
2021-04-26T22:33:01.401+0800: 2.143: [Full GC (Ergonomics) [PSYoungGen: 1024K->1021K(2048K)] [ParOldGen: 7122K->7122K(7168K)] 8146K->8143K(9216K), [Metaspace: 4341K->4341K(1056768K)], 0.0237285 secs] [Times: user=0.08 sys=0.01, real=0.02 secs] 
2021-04-26T22:33:01.425+0800: 2.167: [Full GC (Ergonomics) [PSYoungGen: 1024K->1021K(2048K)] [ParOldGen: 7122K->7122K(7168K)] 8146K->8144K(9216K), [Metaspace: 4341K->4341K(1056768K)], 0.0266831 secs] [Times: user=0.13 sys=0.00, real=0.03 secs] 
2021-04-26T22:33:01.452+0800: 2.194: [Full GC (Ergonomics) [PSYoungGen: 1024K->1021K(2048K)] [ParOldGen: 7122K->7122K(7168K)] 8146K->8143K(9216K), [Metaspace: 4341K->4341K(1056768K)], 0.0407014 secs] [Times: user=0.28 sys=0.00, real=0.04 secs] 
2021-04-26T22:33:01.493+0800: 2.235: [Full GC (Ergonomics) [PSYoungGen: 1024K->1022K(2048K)] [ParOldGen: 7122K->7122K(7168K)] 8146K->8144K(9216K), [Metaspace: 4341K->4341K(1056768K)], 0.0212633 secs] [Times: user=0.01 sys=0.00, real=0.02 secs] 
2021-04-26T22:33:01.515+0800: 2.257: [Full GC (Ergonomics) [PSYoungGen: 1024K->1022K(2048K)] [ParOldGen: 7122K->7122K(7168K)] 8146K->8144K(9216K), [Metaspace: 4341K->4341K(1056768K)], 0.0181115 secs] [Times: user=0.13 sys=0.00, real=0.02 secs] 
2021-04-26T22:33:01.533+0800: 2.275: [Full GC (Ergonomics) [PSYoungGen: 1024K->1022K(2048K)] [ParOldGen: 7122K->7122K(7168K)] 8146K->8144K(9216K), [Metaspace: 4341K->4341K(1056768K)], 0.0173188 secs] [Times: user=0.14 sys=0.00, real=0.02 secs] 
2021-04-26T22:33:01.551+0800: 2.293: [Full GC (Ergonomics) [PSYoungGen: 1024K->1022K(2048K)] [ParOldGen: 7122K->7122K(7168K)] 8146K->8144K(9216K), [Metaspace: 4341K->4341K(1056768K)], 0.0197370 secs] [Times: user=0.22 sys=0.00, real=0.02 secs] 
2021-04-26T22:33:01.571+0800: 2.313: [Full GC (Ergonomics) [PSYoungGen: 1024K->1022K(2048K)] [ParOldGen: 7122K->7122K(7168K)] 8146K->8144K(9216K), [Metaspace: 4341K->4341K(1056768K)], 0.0208988 secs] [Times: user=0.01 sys=0.00, real=0.02 secs] 
2021-04-26T22:33:01.592+0800: 2.334: [Full GC (Ergonomics) [PSYoungGen: 1024K->1022K(2048K)] [ParOldGen: 7122K->7122K(7168K)] 8146K->8144K(9216K), [Metaspace: 4341K->4341K(1056768K)], 0.0174021 secs] [Times: user=0.13 sys=0.02, real=0.02 secs] 
2021-04-26T22:33:01.610+0800: 2.352: [Full GC (Ergonomics) [PSYoungGen: 1024K->1021K(2048K)] [ParOldGen: 7122K->7122K(7168K)] 8146K->8143K(9216K), [Metaspace: 4341K->4341K(1056768K)], 0.0171732 secs] [Times: user=0.14 sys=0.00, real=0.02 secs] 
2021-04-26T22:33:01.627+0800: 2.369: [Full GC (Ergonomics) [PSYoungGen: 1024K->1022K(2048K)] [ParOldGen: 7122K->7122K(7168K)] 8146K->8144K(9216K), [Metaspace: 4341K->4341K(1056768K)], 0.0219344 secs] [Times: user=0.22 sys=0.01, real=0.02 secs] 
2021-04-26T22:33:01.649+0800: 2.391: [Full GC (Ergonomics) [PSYoungGen: 1024K->1022K(2048K)] [ParOldGen: 7122K->7122K(7168K)] 8146K->8144K(9216K), [Metaspace: 4341K->4341K(1056768K)], 0.0234058 secs] [Times: user=0.01 sys=0.00, real=0.02 secs] 
2021-04-26T22:33:01.673+0800: 2.415: [Full GC (Ergonomics) [PSYoungGen: 1024K->1022K(2048K)] [ParOldGen: 7122K->7122K(7168K)] 8146K->8144K(9216K), [Metaspace: 4341K->4341K(1056768K)], 0.0204765 secs] [Times: user=0.14 sys=0.00, real=0.02 secs] 
2021-04-26T22:33:01.693+0800: 2.435: [Full GC (Ergonomics) [PSYoungGen: 1024K->1022K(2048K)] [ParOldGen: 7122K->7122K(7168K)] 8146K->8144K(9216K), [Metaspace: 4341K->4341K(1056768K)], 0.0215442 secs] [Times: user=0.16 sys=0.00, real=0.02 secs] 
2021-04-26T22:33:01.714+0800: 2.457: [Full GC (Ergonomics) [PSYoungGen: 1024K->1022K(2048K)] [ParOldGen: 7122K->7122K(7168K)] 8146K->8144K(9216K), [Metaspace: 4341K->4341K(1056768K)], 0.0186889 secs] [Times: user=0.14 sys=0.00, real=0.02 secs] 
2021-04-26T22:33:01.733+0800: 2.476: [Full GC (Ergonomics) [PSYoungGen: 1024K->1022K(2048K)] [ParOldGen: 7122K->7122K(7168K)] 8146K->8144K(9216K), [Metaspace: 4341K->4341K(1056768K)], 0.0190897 secs] [Times: user=0.13 sys=0.00, real=0.02 secs] 
2021-04-26T22:33:01.753+0800: 2.495: [Full GC (Ergonomics) [PSYoungGen: 1024K->1023K(2048K)] [ParOldGen: 7122K->7122K(7168K)] 8146K->8145K(9216K), [Metaspace: 4341K->4341K(1056768K)], 0.0245886 secs] [Times: user=0.14 sys=0.00, real=0.02 secs] 
2021-04-26T22:33:01.778+0800: 2.520: [Full GC (Ergonomics) [PSYoungGen: 1024K->1022K(2048K)] [ParOldGen: 7126K->7122K(7168K)] 8150K->8145K(9216K), [Metaspace: 4344K->4344K(1056768K)], 0.0163757 secs] [Times: user=0.01 sys=0.00, real=0.02 secs] 
2021-04-26T22:33:01.794+0800: 2.537: [Full GC (Ergonomics) [PSYoungGen: 1024K->1023K(2048K)] [ParOldGen: 7122K->7122K(7168K)] 8146K->8145K(9216K), [Metaspace: 4344K->4344K(1056768K)], 0.0197883 secs] [Times: user=0.14 sys=0.02, real=0.02 secs] 
2021-04-26T22:33:01.814+0800: 2.557: [Full GC (Ergonomics) [PSYoungGen: 1024K->1023K(2048K)] [ParOldGen: 7122K->7122K(7168K)] 8146K->8145K(9216K), [Metaspace: 4344K->4344K(1056768K)], 0.0175430 secs] [Times: user=0.16 sys=0.00, real=0.02 secs] 
2021-04-26T22:33:01.832+0800: 2.574: [Full GC (Ergonomics) [PSYoungGen: 1024K->1023K(2048K)] [ParOldGen: 7122K->7122K(7168K)] 8146K->8145K(9216K), [Metaspace: 4344K->4344K(1056768K)], 0.0227094 secs] [Times: user=0.27 sys=0.00, real=0.02 secs] 
2021-04-26T22:33:01.855+0800: 2.597: [Full GC (Ergonomics) [PSYoungGen: 1024K->1023K(2048K)] [ParOldGen: 7122K->7122K(7168K)] 8146K->8145K(9216K), [Metaspace: 4344K->4344K(1056768K)], 0.0171362 secs] [Times: user=0.02 sys=0.00, real=0.02 secs] 
2021-04-26T22:33:01.872+0800: 2.615: [Full GC (Ergonomics) [PSYoungGen: 1024K->1023K(2048K)] [ParOldGen: 7122K->7122K(7168K)] 8146K->8146K(9216K), [Metaspace: 4344K->4344K(1056768K)], 0.0188050 secs] [Times: user=0.02 sys=0.00, real=0.02 secs] 
2021-04-26T22:33:01.891+0800: 2.634: [Full GC (Ergonomics) [PSYoungGen: 1024K->1023K(2048K)] [ParOldGen: 7122K->7122K(7168K)] 8146K->8146K(9216K), [Metaspace: 4344K->4344K(1056768K)], 0.0291634 secs] [Times: user=0.11 sys=0.00, real=0.03 secs] 
2021-04-26T22:33:01.921+0800: 2.663: [Full GC (Ergonomics) [PSYoungGen: 1024K->1023K(2048K)] [ParOldGen: 7126K->7123K(7168K)] 8150K->8146K(9216K), [Metaspace: 4346K->4346K(1056768K)], 0.0179941 secs] [Times: user=0.09 sys=0.02, real=0.02 secs] 
2021-04-26T22:33:01.939+0800: 2.681: [Full GC (Ergonomics) [PSYoungGen: 1024K->1023K(2048K)] [ParOldGen: 7123K->7122K(7168K)] 8147K->8146K(9216K), [Metaspace: 4346K->4346K(1056768K)], 0.0177549 secs] [Times: user=0.14 sys=0.00, real=0.02 secs] 
2021-04-26T22:33:01.957+0800: 2.699: [Full GC (Ergonomics) [PSYoungGen: 1024K->1023K(2048K)] [ParOldGen: 7122K->7122K(7168K)] 8146K->8146K(9216K), [Metaspace: 4346K->4346K(1056768K)], 0.0241871 secs] [Times: user=0.16 sys=0.00, real=0.02 secs] 
2021-04-26T22:33:01.981+0800: 2.724: [Full GC (Ergonomics) [PSYoungGen: 1024K->1023K(2048K)] [ParOldGen: 7122K->7122K(7168K)] 8146K->8146K(9216K), [Metaspace: 4346K->4346K(1056768K)], 0.0176470 secs] [Times: user=0.14 sys=0.00, real=0.02 secs] 
2021-04-26T22:33:02.000+0800: 2.742: [Full GC (Ergonomics) [PSYoungGen: 1024K->1023K(2048K)] [ParOldGen: 7122K->7122K(7168K)] 8146K->8146K(9216K), [Metaspace: 4346K->4346K(1056768K)], 0.0164821 secs] [Times: user=0.09 sys=0.02, real=0.02 secs] 
2021-04-26T22:33:02.016+0800: 2.758: [Full GC (Ergonomics) [PSYoungGen: 1024K->1023K(2048K)] [ParOldGen: 7122K->7122K(7168K)] 8146K->8146K(9216K), [Metaspace: 4346K->4346K(1056768K)], 0.0169500 secs] [Times: user=0.13 sys=0.00, real=0.02 secs] 
2021-04-26T22:33:02.033+0800: 2.775: [Full GC (Ergonomics) [PSYoungGen: 1024K->1023K(2048K)] [ParOldGen: 7122K->7122K(7168K)] 8146K->8146K(9216K), [Metaspace: 4346K->4346K(1056768K)], 0.0243224 secs] [Times: user=0.13 sys=0.00, real=0.03 secs] 
2021-04-26T22:33:02.058+0800: 2.800: [Full GC (Ergonomics) [PSYoungGen: 1024K->1023K(2048K)] [ParOldGen: 7127K->7123K(7168K)] 8151K->8147K(9216K), [Metaspace: 4349K->4349K(1056768K)], 0.0166717 secs] [Times: user=0.02 sys=0.00, real=0.02 secs] 
2021-04-26T22:33:02.075+0800: 2.817: [Full GC (Ergonomics) [PSYoungGen: 1024K->1023K(2048K)] [ParOldGen: 7123K->7123K(7168K)] 8147K->8147K(9216K), [Metaspace: 4349K->4349K(1056768K)], 0.0177063 secs] [Times: user=0.02 sys=0.00, real=0.02 secs] 
2021-04-26T22:33:02.092+0800: 2.835: [Full GC (Ergonomics) [PSYoungGen: 1024K->1023K(2048K)] [ParOldGen: 7123K->7123K(7168K)] 8147K->8147K(9216K), [Metaspace: 4349K->4349K(1056768K)], 0.0201910 secs] [Times: user=0.13 sys=0.00, real=0.02 secs] 
2021-04-26T22:33:02.113+0800: 2.855: [Full GC (Ergonomics) [PSYoungGen: 1023K->1023K(2048K)] [ParOldGen: 7126K->7123K(7168K)] 8150K->8147K(9216K), [Metaspace: 4349K->4349K(1056768K)], 0.0166547 secs] [Times: user=0.13 sys=0.00, real=0.02 secs] 
2021-04-26T22:33:02.129+0800: 2.872: [Full GC (Ergonomics) [PSYoungGen: 1024K->1023K(2048K)] [ParOldGen: 7123K->7123K(7168K)] 8147K->8147K(9216K), [Metaspace: 4349K->4349K(1056768K)], 0.0163756 secs] [Times: user=0.11 sys=0.00, real=0.02 secs] 
2021-04-26T22:33:02.146+0800: 2.888: [Full GC (Ergonomics) [PSYoungGen: 1024K->1023K(2048K)] [ParOldGen: 7123K->7123K(7168K)] 8147K->8147K(9216K), [Metaspace: 4349K->4349K(1056768K)], 0.0168645 secs] [Times: user=0.19 sys=0.00, real=0.02 secs] 
2021-04-26T22:33:02.163+0800: 2.905: [Full GC (Ergonomics) [PSYoungGen: 1023K->1023K(2048K)] [ParOldGen: 7123K->7123K(7168K)] 8147K->8147K(9216K), [Metaspace: 4349K->4349K(1056768K)], 0.0219698 secs] [Times: user=0.02 sys=0.00, real=0.02 secs] 
2021-04-26T22:33:02.186+0800: 2.928: [Full GC (Ergonomics) [PSYoungGen: 1024K->1023K(2048K)] [ParOldGen: 7128K->7124K(7168K)] 8152K->8148K(9216K), [Metaspace: 4352K->4352K(1056768K)], 0.0160751 secs] [Times: user=0.14 sys=0.00, real=0.02 secs] 
2021-04-26T22:33:02.202+0800: 2.944: [Full GC (Ergonomics) [PSYoungGen: 1023K->1023K(2048K)] [ParOldGen: 7124K->7124K(7168K)] 8148K->8148K(9216K), [Metaspace: 4352K->4352K(1056768K)], 0.0165822 secs] [Times: user=0.14 sys=0.00, real=0.02 secs] 
2021-04-26T22:33:02.218+0800: 2.961: [Full GC (Ergonomics) [PSYoungGen: 1024K->1023K(2048K)] [ParOldGen: 7127K->7124K(7168K)] 8151K->8148K(9216K), [Metaspace: 4352K->4352K(1056768K)], 0.0154015 secs] [Times: user=0.16 sys=0.00, real=0.02 secs] 
2021-04-26T22:33:02.234+0800: 2.976: [Full GC (Ergonomics) [PSYoungGen: 1023K->1023K(2048K)] [ParOldGen: 7124K->7124K(7168K)] 8148K->8148K(9216K), [Metaspace: 4352K->4352K(1056768K)], 0.0222407 secs] [Times: user=0.16 sys=0.00, real=0.02 secs] 
2021-04-26T22:33:02.256+0800: 2.999: [Full GC (Ergonomics) [PSYoungGen: 1023K->1023K(2048K)] [ParOldGen: 7127K->7125K(7168K)] 8151K->8149K(9216K), [Metaspace: 4352K->4352K(1056768K)], 0.0161343 secs] [Times: user=0.28 sys=0.00, real=0.02 secs] 
2021-04-26T22:33:02.272+0800: 3.015: [Full GC (Ergonomics) [PSYoungGen: 1023K->1023K(2048K)] [ParOldGen: 7125K->7125K(7168K)] 8149K->8148K(9216K), [Metaspace: 4352K->4352K(1056768K)], 0.0221304 secs] [Times: user=0.02 sys=0.00, real=0.02 secs] 
2021-04-26T22:33:02.294+0800: 3.037: [Full GC (Ergonomics) [PSYoungGen: 1023K->1023K(2048K)] [ParOldGen: 7125K->7125K(7168K)] 8148K->8148K(9216K), [Metaspace: 4352K->4352K(1056768K)], 0.0179664 secs] [Times: user=0.02 sys=0.00, real=0.02 secs] 
2021-04-26T22:33:02.313+0800: 3.055: [Full GC (Ergonomics) [PSYoungGen: 1023K->1023K(2048K)] [ParOldGen: 7128K->7125K(7168K)] 8152K->8149K(9216K), [Metaspace: 4354K->4354K(1056768K)], 0.0181941 secs] [Times: user=0.14 sys=0.00, real=0.02 secs] 
2021-04-26T22:33:02.331+0800: 3.074: [Full GC (Ergonomics) [PSYoungGen: 1024K->1024K(2048K)] [ParOldGen: 7125K->7125K(7168K)] 8149K->8149K(9216K), [Metaspace: 4354K->4354K(1056768K)], 0.0176548 secs] [Times: user=0.16 sys=0.00, real=0.02 secs] 
2021-04-26T22:33:02.349+0800: 3.092: [Full GC (Ergonomics) [PSYoungGen: 1024K->1023K(2048K)] [ParOldGen: 7128K->7125K(7168K)] 8152K->8149K(9216K), [Metaspace: 4354K->4354K(1056768K)], 0.0194575 secs] [Times: user=0.31 sys=0.00, real=0.02 secs] 
2021-04-26T22:33:02.370+0800: 3.111: [Full GC (Ergonomics) [PSYoungGen: 1023K->1023K(2048K)] [ParOldGen: 7128K->7126K(7168K)] 8152K->8150K(9216K), [Metaspace: 4354K->4354K(1056768K)], 0.0184881 secs] [Times: user=0.02 sys=0.00, real=0.02 secs] 
2021-04-26T22:33:02.388+0800: 3.130: [Full GC (Ergonomics) [PSYoungGen: 1023K->1023K(2048K)] [ParOldGen: 7129K->7126K(7168K)] 8153K->8150K(9216K), [Metaspace: 4354K->4354K(1056768K)], 0.0190700 secs] [Times: user=0.13 sys=0.00, real=0.02 secs] 
2021-04-26T22:33:02.408+0800: 3.149: [Full GC (Ergonomics) [PSYoungGen: 1023K->1023K(2048K)] [ParOldGen: 7129K->7127K(7168K)] 8153K->8150K(9216K), [Metaspace: 4354K->4354K(1056768K)], 0.0178322 secs] [Times: user=0.14 sys=0.00, real=0.02 secs] 
2021-04-26T22:33:02.426+0800: 3.168: [Full GC (Ergonomics) [PSYoungGen: 1023K->1023K(2048K)] [ParOldGen: 7129K->7127K(7168K)] 8153K->8151K(9216K), [Metaspace: 4354K->4354K(1056768K)], 0.0163728 secs] [Times: user=0.14 sys=0.02, real=0.02 secs] 
2021-04-26T22:33:02.442+0800: 3.184: [Full GC (Ergonomics) [PSYoungGen: 1023K->1023K(2048K)] [ParOldGen: 7130K->7128K(7168K)] 8154K->8152K(9216K), [Metaspace: 4354K->4354K(1056768K)], 0.0153616 secs] [Times: user=0.16 sys=0.00, real=0.02 secs] 
2021-04-26T22:33:02.458+0800: 3.200: [Full GC (Ergonomics) [PSYoungGen: 1023K->1023K(2048K)] [ParOldGen: 7131K->7128K(7168K)] 8155K->8152K(9216K), [Metaspace: 4354K->4354K(1056768K)], 0.0208895 secs] [Times: user=0.17 sys=0.00, real=0.02 secs] 
2021-04-26T22:33:02.478+0800: 3.221: [Full GC (Ergonomics) [PSYoungGen: 1023K->1023K(2048K)] [ParOldGen: 7131K->7128K(7168K)] 8155K->8152K(9216K), [Metaspace: 4354K->4354K(1056768K)], 0.0164501 secs] [Times: user=0.02 sys=0.00, real=0.02 secs] 
2021-04-26T22:33:02.495+0800: 3.237: [Full GC (Ergonomics) [PSYoungGen: 1023K->1023K(2048K)] [ParOldGen: 7132K->7129K(7168K)] 8156K->8153K(9216K), [Metaspace: 4354K->4354K(1056768K)], 0.0179820 secs] [Times: user=0.02 sys=0.00, real=0.02 secs] 
2021-04-26T22:33:02.513+0800: 3.256: [Full GC (Ergonomics) [PSYoungGen: 1023K->1023K(2048K)] [ParOldGen: 7132K->7129K(7168K)] 8156K->8153K(9216K), [Metaspace: 4354K->4354K(1056768K)], 0.0172773 secs] [Times: user=0.16 sys=0.00, real=0.02 secs] 
2021-04-26T22:33:02.530+0800: 3.273: [Full GC (Ergonomics) [PSYoungGen: 1023K->1023K(2048K)] [ParOldGen: 7132K->7130K(7168K)] 8156K->8154K(9216K), [Metaspace: 4354K->4354K(1056768K)], 0.0141571 secs] [Times: user=0.14 sys=0.02, real=0.02 secs] 
2021-04-26T22:33:02.545+0800: 3.287: [Full GC (Ergonomics) [PSYoungGen: 1023K->1023K(2048K)] [ParOldGen: 7133K->7130K(7168K)] 8157K->8154K(9216K), [Metaspace: 4354K->4354K(1056768K)], 0.0151041 secs] [Times: user=0.16 sys=0.00, real=0.01 secs] 
2021-04-26T22:33:02.560+0800: 3.303: [Full GC (Ergonomics) [PSYoungGen: 1023K->1023K(2048K)] [ParOldGen: 7133K->7131K(7168K)] 8157K->8155K(9216K), [Metaspace: 4354K->4354K(1056768K)], 0.0183283 secs] [Times: user=0.16 sys=0.00, real=0.02 secs] 
2021-04-26T22:33:02.579+0800: 3.321: [Full GC (Ergonomics) [PSYoungGen: 1023K->1023K(2048K)] [ParOldGen: 7134K->7131K(7168K)] 8158K->8155K(9216K), [Metaspace: 4354K->4354K(1056768K)], 0.0164801 secs] [Times: user=0.16 sys=0.00, real=0.02 secs] 
2021-04-26T22:33:02.595+0800: 3.338: [Full GC (Ergonomics) [PSYoungGen: 1023K->1023K(2048K)] [ParOldGen: 7134K->7132K(7168K)] 8158K->8156K(9216K), [Metaspace: 4354K->4354K(1056768K)], 0.0164769 secs] [Times: user=0.16 sys=0.00, real=0.02 secs] 
2021-04-26T22:33:02.612+0800: 3.354: [Full GC (Ergonomics) [PSYoungGen: 1023K->1023K(2048K)] [ParOldGen: 7134K->7132K(7168K)] 8158K->8156K(9216K), [Metaspace: 4354K->4354K(1056768K)], 0.0192939 secs] [Times: user=0.31 sys=0.00, real=0.02 secs] 
2021-04-26T22:33:02.632+0800: 3.374: [Full GC (Ergonomics) [PSYoungGen: 1023K->1023K(2048K)] [ParOldGen: 7135K->7132K(7168K)] 8159K->8156K(9216K), [Metaspace: 4354K->4354K(1056768K)], 0.0362546 secs] [Times: user=0.02 sys=0.00, real=0.04 secs] 
2021-04-26T22:33:02.668+0800: 3.410: [Full GC (Ergonomics) [PSYoungGen: 1023K->1023K(2048K)] [ParOldGen: 7136K->7133K(7168K)] 8160K->8157K(9216K), [Metaspace: 4354K->4354K(1056768K)], 0.0172478 secs] [Times: user=0.02 sys=0.00, real=0.02 secs] 
2021-04-26T22:33:02.685+0800: 3.428: [Full GC (Ergonomics) [PSYoungGen: 1023K->1023K(2048K)] [ParOldGen: 7136K->7133K(7168K)] 8160K->8157K(9216K), [Metaspace: 4354K->4354K(1056768K)], 0.0176698 secs] [Times: user=0.16 sys=0.00, real=0.02 secs] 
2021-04-26T22:33:02.703+0800: 3.446: [Full GC (Ergonomics) [PSYoungGen: 1023K->1023K(2048K)] [ParOldGen: 7136K->7134K(7168K)] 8160K->8158K(9216K), [Metaspace: 4354K->4354K(1056768K)], 0.0186827 secs] [Times: user=0.16 sys=0.00, real=0.02 secs] 
2021-04-26T22:33:02.722+0800: 3.465: [Full GC (Ergonomics) [PSYoungGen: 1024K->1024K(2048K)] [ParOldGen: 7137K->7134K(7168K)] 8161K->8158K(9216K), [Metaspace: 4354K->4354K(1056768K)], 0.0189655 secs] [Times: user=0.30 sys=0.00, real=0.02 secs] 
2021-04-26T22:33:02.741+0800: 3.484: [Full GC (Ergonomics) [PSYoungGen: 1024K->1024K(2048K)] [ParOldGen: 7137K->7135K(7168K)] 8161K->8159K(9216K), [Metaspace: 4354K->4354K(1056768K)], 0.0156957 secs] [Times: user=0.13 sys=0.00, real=0.02 secs] 
2021-04-26T22:33:02.757+0800: 3.500: [Full GC (Ergonomics) [PSYoungGen: 1024K->1024K(2048K)] [ParOldGen: 7138K->7135K(7168K)] 8162K->8159K(9216K), [Metaspace: 4354K->4354K(1056768K)], 0.0203533 secs] [Times: user=0.02 sys=0.00, real=0.02 secs] 
2021-04-26T22:33:02.778+0800: 3.520: [Full GC (Ergonomics) [PSYoungGen: 1024K->1024K(2048K)] [ParOldGen: 7138K->7136K(7168K)] 8162K->8160K(9216K), [Metaspace: 4354K->4354K(1056768K)], 0.0163069 secs] [Times: user=0.01 sys=0.00, real=0.02 secs] 
2021-04-26T22:33:02.794+0800: 3.537: [Full GC (Ergonomics) [PSYoungGen: 1024K->1024K(2048K)] [ParOldGen: 7138K->7136K(7168K)] 8162K->8160K(9216K), [Metaspace: 4354K->4354K(1056768K)], 0.0144154 secs] [Times: user=0.16 sys=0.00, real=0.02 secs] 
2021-04-26T22:33:02.809+0800: 3.551: [Full GC (Ergonomics) [PSYoungGen: 1024K->1024K(2048K)] [ParOldGen: 7139K->7136K(7168K)] 8163K->8160K(9216K), [Metaspace: 4355K->4355K(1056768K)], 0.0137757 secs] [Times: user=0.02 sys=0.00, real=0.01 secs] 
2021-04-26T22:33:02.823+0800: 3.565: [Full GC (Ergonomics) [PSYoungGen: 1024K->1024K(2048K)] [ParOldGen: 7139K->7136K(7168K)] 8163K->8160K(9216K), [Metaspace: 4355K->4355K(1056768K)], 0.0149706 secs] [Times: user=0.02 sys=0.00, real=0.02 secs] 
2021-04-26T22:33:02.838+0800: 3.581: [Full GC (Ergonomics) [PSYoungGen: 1024K->1024K(2048K)] [ParOldGen: 7140K->7137K(7168K)] 8164K->8161K(9216K), [Metaspace: 4357K->4357K(1056768K)], 0.0222050 secs] [Times: user=0.02 sys=0.00, real=0.02 secs] 
2021-04-26T22:33:02.861+0800: 3.603: [Full GC (Ergonomics) [PSYoungGen: 1024K->1024K(2048K)] [ParOldGen: 7140K->7137K(7168K)] 8164K->8161K(9216K), [Metaspace: 4358K->4358K(1056768K)], 0.0153982 secs] [Times: user=0.16 sys=0.00, real=0.01 secs] 
2021-04-26T22:33:02.876+0800: 3.619: [Full GC (Ergonomics) [PSYoungGen: 1024K->1024K(2048K)] [ParOldGen: 7140K->7138K(7168K)] 8164K->8162K(9216K), [Metaspace: 4358K->4358K(1056768K)], 0.0172769 secs] [Times: user=0.16 sys=0.00, real=0.02 secs] 
2021-04-26T22:33:02.893+0800: 3.636: [Full GC (Ergonomics) [PSYoungGen: 1024K->1024K(2048K)] [ParOldGen: 7141K->7139K(7168K)] 8165K->8163K(9216K), [Metaspace: 4358K->4358K(1056768K)], 0.0201192 secs] [Times: user=0.26 sys=0.00, real=0.02 secs] 
2021-04-26T22:33:02.914+0800: 3.656: [Full GC (Ergonomics) [PSYoungGen: 1024K->1024K(2048K)] [ParOldGen: 7143K->7140K(7168K)] 8167K->8164K(9216K), [Metaspace: 4360K->4360K(1056768K)], 0.0139937 secs] [Times: user=0.00 sys=0.00, real=0.01 secs] 
2021-04-26T22:33:02.928+0800: 3.671: [Full GC (Ergonomics) [PSYoungGen: 1024K->1024K(2048K)] [ParOldGen: 7143K->7140K(7168K)] 8167K->8164K(9216K), [Metaspace: 4360K->4360K(1056768K)], 0.0142098 secs] [Times: user=0.16 sys=0.00, real=0.02 secs] 
2021-04-26T22:33:02.943+0800: 3.685: [Full GC (Ergonomics) [PSYoungGen: 1024K->1024K(2048K)] [ParOldGen: 7143K->7140K(7168K)] 8167K->8164K(9216K), [Metaspace: 4360K->4360K(1056768K)], 0.0174851 secs] [Times: user=0.31 sys=0.00, real=0.02 secs] 
2021-04-26T22:33:02.960+0800: 3.703: [Full GC (Ergonomics) [PSYoungGen: 1024K->1023K(2048K)] [ParOldGen: 7144K->7142K(7168K)] 8168K->8166K(9216K), [Metaspace: 4360K->4360K(1056768K)], 0.0220815 secs] [Times: user=0.02 sys=0.00, real=0.02 secs] 
2021-04-26T22:33:02.983+0800: 3.725: [Full GC (Ergonomics) [PSYoungGen: 1023K->1023K(2048K)] [ParOldGen: 7145K->7141K(7168K)] 8169K->8165K(9216K), [Metaspace: 4360K->4360K(1056768K)], 0.0166509 secs] [Times: user=0.16 sys=0.00, real=0.02 secs] 
2021-04-26T22:33:02.999+0800: 3.742: [Full GC (Ergonomics) [PSYoungGen: 1023K->1023K(2048K)] [ParOldGen: 7144K->7140K(7168K)] 8168K->8164K(9216K), [Metaspace: 4360K->4360K(1056768K)], 0.0196865 secs] [Times: user=0.14 sys=0.00, real=0.02 secs] 
2021-04-26T22:33:03.019+0800: 3.762: [Full GC (Ergonomics) [PSYoungGen: 1023K->1023K(2048K)] [ParOldGen: 7143K->7140K(7168K)] 8167K->8164K(9216K), [Metaspace: 4360K->4360K(1056768K)], 0.0218810 secs] [Times: user=0.17 sys=0.00, real=0.02 secs] 
2021-04-26T22:33:03.041+0800: 3.784: [Full GC (Ergonomics) [PSYoungGen: 1023K->1023K(2048K)] [ParOldGen: 7144K->7141K(7168K)] 8168K->8165K(9216K), [Metaspace: 4360K->4360K(1056768K)], 0.0183056 secs] [Times: user=0.01 sys=0.00, real=0.02 secs] 
2021-04-26T22:33:03.060+0800: 3.802: [Full GC (Ergonomics) [PSYoungGen: 1023K->1023K(2048K)] [ParOldGen: 7144K->7141K(7168K)] 8168K->8165K(9216K), [Metaspace: 4360K->4360K(1056768K)], 0.0168785 secs] [Times: user=0.02 sys=0.00, real=0.02 secs] 
2021-04-26T22:33:03.077+0800: 3.819: [Full GC (Ergonomics) [PSYoungGen: 1023K->1023K(2048K)] [ParOldGen: 7144K->7142K(7168K)] 8168K->8166K(9216K), [Metaspace: 4360K->4360K(1056768K)], 0.0182147 secs] [Times: user=0.16 sys=0.00, real=0.02 secs] 
2021-04-26T22:33:03.095+0800: 3.838: [Full GC (Ergonomics) [PSYoungGen: 1023K->1023K(2048K)] [ParOldGen: 7145K->7143K(7168K)] 8169K->8166K(9216K), [Metaspace: 4360K->4360K(1056768K)], 0.0194850 secs] [Times: user=0.16 sys=0.00, real=0.02 secs] 
2021-04-26T22:33:03.114+0800: 3.857: [Full GC (Ergonomics) [PSYoungGen: 1023K->1023K(2048K)] [ParOldGen: 7145K->7143K(7168K)] 8169K->8167K(9216K), [Metaspace: 4360K->4360K(1056768K)], 0.0177662 secs] [Times: user=0.31 sys=0.00, real=0.02 secs] 
2021-04-26T22:33:03.133+0800: 3.875: [Full GC (Ergonomics) [PSYoungGen: 1023K->1023K(2048K)] [ParOldGen: 7146K->7143K(7168K)] 8170K->8167K(9216K), [Metaspace: 4360K->4360K(1056768K)], 0.0194848 secs] [Times: user=0.01 sys=0.00, real=0.02 secs] 
2021-04-26T22:33:03.152+0800: 3.895: [Full GC (Ergonomics) [PSYoungGen: 1023K->1023K(2048K)] [ParOldGen: 7146K->7144K(7168K)] 8170K->8168K(9216K), [Metaspace: 4360K->4360K(1056768K)], 0.0141075 secs] [Times: user=0.02 sys=0.00, real=0.01 secs] 
2021-04-26T22:33:03.166+0800: 3.909: [Full GC (Ergonomics) [PSYoungGen: 1023K->1023K(2048K)] [ParOldGen: 7147K->7144K(7168K)] 8171K->8168K(9216K), [Metaspace: 4360K->4360K(1056768K)], 0.0179088 secs] [Times: user=0.02 sys=0.00, real=0.02 secs] 
2021-04-26T22:33:03.185+0800: 3.927: [Full GC (Ergonomics) [PSYoungGen: 1023K->1023K(2048K)] [ParOldGen: 7147K->7145K(7168K)] 8171K->8168K(9216K), [Metaspace: 4360K->4360K(1056768K)], 0.0149887 secs] [Times: user=0.02 sys=0.00, real=0.02 secs] 
2021-04-26T22:33:03.200+0800: 3.942: [Full GC (Ergonomics) [PSYoungGen: 1023K->1023K(2048K)] [ParOldGen: 7148K->7145K(7168K)] 8172K->8169K(9216K), [Metaspace: 4360K->4360K(1056768K)], 0.0154430 secs] [Times: user=0.02 sys=0.00, real=0.01 secs] 
2021-04-26T22:33:03.216+0800: 3.958: [Full GC (Ergonomics) [PSYoungGen: 1023K->1023K(2048K)] [ParOldGen: 7148K->7145K(7168K)] 8172K->8169K(9216K), [Metaspace: 4360K->4360K(1056768K)], 0.0177663 secs] [Times: user=0.16 sys=0.00, real=0.02 secs] 
2021-04-26T22:33:03.234+0800: 3.976: [Full GC (Ergonomics) [PSYoungGen: 1023K->1023K(2048K)] [ParOldGen: 7148K->7146K(7168K)] 8172K->8170K(9216K), [Metaspace: 4360K->4360K(1056768K)], 0.0172809 secs] [Times: user=0.13 sys=0.01, real=0.02 secs] 
2021-04-26T22:33:03.252+0800: 3.994: [Full GC (Ergonomics) [PSYoungGen: 1023K->1023K(2048K)] [ParOldGen: 7149K->7146K(7168K)] 8173K->8170K(9216K), [Metaspace: 4360K->4360K(1056768K)], 0.0201142 secs] [Times: user=0.14 sys=0.00, real=0.02 secs] 
2021-04-26T22:33:03.272+0800: 4.014: [Full GC (Ergonomics) [PSYoungGen: 1023K->1023K(2048K)] [ParOldGen: 7149K->7147K(7168K)] 8173K->8171K(9216K), [Metaspace: 4360K->4360K(1056768K)], 0.0150887 secs] [Times: user=0.00 sys=0.00, real=0.01 secs] 
2021-04-26T22:33:03.287+0800: 4.029: [Full GC (Ergonomics) [PSYoungGen: 1023K->1023K(2048K)] [ParOldGen: 7150K->7147K(7168K)] 8174K->8171K(9216K), [Metaspace: 4360K->4360K(1056768K)], 0.0174410 secs] [Times: user=0.31 sys=0.00, real=0.02 secs] 
2021-04-26T22:33:03.305+0800: 4.047: [Full GC (Ergonomics) [PSYoungGen: 1023K->1023K(2048K)] [ParOldGen: 7150K->7148K(7168K)] 8174K->8172K(9216K), [Metaspace: 4360K->4360K(1056768K)], 0.0193166 secs] [Times: user=0.02 sys=0.00, real=0.02 secs] 
2021-04-26T22:33:03.324+0800: 4.066: [Full GC (Ergonomics) [PSYoungGen: 1023K->1023K(2048K)] [ParOldGen: 7151K->7148K(7168K)] 8175K->8172K(9216K), [Metaspace: 4360K->4360K(1056768K)], 0.0161384 secs] [Times: user=0.01 sys=0.00, real=0.02 secs] 
2021-04-26T22:33:03.340+0800: 4.083: [Full GC (Ergonomics) [PSYoungGen: 1023K->1023K(2048K)] [ParOldGen: 7151K->7148K(7168K)] 8175K->8172K(9216K), [Metaspace: 4360K->4360K(1056768K)], 0.0165175 secs] [Times: user=0.00 sys=0.00, real=0.02 secs] 
2021-04-26T22:33:03.357+0800: 4.099: [Full GC (Ergonomics) [PSYoungGen: 1023K->1023K(2048K)] [ParOldGen: 7151K->7149K(7168K)] 8175K->8173K(9216K), [Metaspace: 4360K->4360K(1056768K)], 0.0266253 secs] [Times: user=0.28 sys=0.00, real=0.03 secs] 
2021-04-26T22:33:03.383+0800: 4.126: [Full GC (Ergonomics) [PSYoungGen: 1023K->1023K(2048K)] [ParOldGen: 7152K->7149K(7168K)] 8176K->8173K(9216K), [Metaspace: 4360K->4360K(1056768K)], 0.0168658 secs] [Times: user=0.02 sys=0.00, real=0.02 secs] 
2021-04-26T22:33:03.401+0800: 4.143: [Full GC (Ergonomics) [PSYoungGen: 1023K->1023K(2048K)] [ParOldGen: 7152K->7150K(7168K)] 8176K->8174K(9216K), [Metaspace: 4360K->4360K(1056768K)], 0.0177552 secs] [Times: user=0.02 sys=0.00, real=0.02 secs] 
2021-04-26T22:33:03.419+0800: 4.161: [Full GC (Ergonomics) [PSYoungGen: 1023K->1023K(2048K)] [ParOldGen: 7153K->7150K(7168K)] 8177K->8174K(9216K), [Metaspace: 4360K->4360K(1056768K)], 0.0174613 secs] [Times: user=0.02 sys=0.00, real=0.02 secs] 
2021-04-26T22:33:03.437+0800: 4.179: [Full GC (Ergonomics) [PSYoungGen: 1023K->1023K(2048K)] [ParOldGen: 7153K->7151K(7168K)] 8177K->8175K(9216K), [Metaspace: 4360K->4360K(1056768K)], 0.0161086 secs] [Times: user=0.16 sys=0.00, real=0.02 secs] 
2021-04-26T22:33:03.453+0800: 4.195: [Full GC (Ergonomics) [PSYoungGen: 1023K->1023K(2048K)] [ParOldGen: 7154K->7151K(7168K)] 8178K->8175K(9216K), [Metaspace: 4360K->4360K(1056768K)], 0.0143090 secs] [Times: user=0.16 sys=0.00, real=0.01 secs] 
2021-04-26T22:33:03.467+0800: 4.210: [Full GC (Ergonomics) [PSYoungGen: 1023K->1023K(2048K)] [ParOldGen: 7154K->7151K(7168K)] 8178K->8175K(9216K), [Metaspace: 4360K->4360K(1056768K)], 0.0150278 secs] [Times: user=0.16 sys=0.00, real=0.02 secs] 
2021-04-26T22:33:03.482+0800: 4.225: [Full GC (Ergonomics) [PSYoungGen: 1023K->1023K(2048K)] [ParOldGen: 7154K->7152K(7168K)] 8178K->8176K(9216K), [Metaspace: 4360K->4360K(1056768K)], 0.0166788 secs] [Times: user=0.14 sys=0.00, real=0.02 secs] 
2021-04-26T22:33:03.500+0800: 4.242: [Full GC (Ergonomics) [PSYoungGen: 1023K->1023K(2048K)] [ParOldGen: 7155K->7152K(7168K)] 8179K->8176K(9216K), [Metaspace: 4360K->4360K(1056768K)], 0.0187773 secs] [Times: user=0.16 sys=0.00, real=0.02 secs] 
2021-04-26T22:33:03.519+0800: 4.261: [Full GC (Ergonomics) [PSYoungGen: 1023K->1023K(2048K)] [ParOldGen: 7156K->7153K(7168K)] 8180K->8177K(9216K), [Metaspace: 4360K->4360K(1056768K)], 0.0156149 secs] [Times: user=0.16 sys=0.00, real=0.01 secs] 
2021-04-26T22:33:03.534+0800: 4.277: [Full GC (Ergonomics) [PSYoungGen: 1023K->1023K(2048K)] [ParOldGen: 7156K->7153K(7168K)] 8180K->8177K(9216K), [Metaspace: 4360K->4360K(1056768K)], 0.0177721 secs] [Times: user=0.16 sys=0.00, real=0.02 secs] 
2021-04-26T22:33:03.553+0800: 4.295: [Full GC (Ergonomics) [PSYoungGen: 1023K->1023K(2048K)] [ParOldGen: 7156K->7154K(7168K)] 8180K->8178K(9216K), [Metaspace: 4360K->4360K(1056768K)], 0.0167354 secs] [Times: user=0.30 sys=0.00, real=0.02 secs] 
2021-04-26T22:33:03.570+0800: 4.312: [Full GC (Ergonomics) [PSYoungGen: 1024K->1024K(2048K)] [ParOldGen: 7157K->7154K(7168K)] 8181K->8178K(9216K), [Metaspace: 4360K->4360K(1056768K)], 0.0193390 secs] [Times: user=0.02 sys=0.00, real=0.02 secs] 
2021-04-26T22:33:03.589+0800: 4.331: [Full GC (Ergonomics) [PSYoungGen: 1024K->1024K(2048K)] [ParOldGen: 7157K->7155K(7168K)] 8181K->8179K(9216K), [Metaspace: 4360K->4360K(1056768K)], 0.0172190 secs] [Times: user=0.02 sys=0.00, real=0.02 secs] 
2021-04-26T22:33:03.606+0800: 4.349: [Full GC (Ergonomics) [PSYoungGen: 1024K->1024K(2048K)] [ParOldGen: 7158K->7155K(7168K)] 8182K->8179K(9216K), [Metaspace: 4360K->4360K(1056768K)], 0.0210255 secs] [Times: user=0.16 sys=0.00, real=0.02 secs] 
2021-04-26T22:33:03.628+0800: 4.370: [Full GC (Ergonomics) [PSYoungGen: 1024K->1024K(2048K)] [ParOldGen: 7158K->7156K(7168K)] 8182K->8180K(9216K), [Metaspace: 4360K->4360K(1056768K)], 0.0228484 secs] [Times: user=0.11 sys=0.00, real=0.02 secs] 
2021-04-26T22:33:03.651+0800: 4.393: [Full GC (Ergonomics) [PSYoungGen: 1024K->1024K(2048K)] [ParOldGen: 7159K->7157K(7168K)] 8183K->8181K(9216K), [Metaspace: 4360K->4360K(1056768K)], 0.0221266 secs] [Times: user=0.02 sys=0.00, real=0.02 secs] 
2021-04-26T22:33:03.674+0800: 4.416: [Full GC (Ergonomics) [PSYoungGen: 1024K->1023K(2048K)] [ParOldGen: 7160K->7157K(7168K)] 8184K->8181K(9216K), [Metaspace: 4360K->4360K(1056768K)], 0.0298829 secs] [Times: user=0.11 sys=0.00, real=0.03 secs] 
2021-04-26T22:33:03.704+0800: 4.446: [Full GC (Ergonomics) [PSYoungGen: 1023K->1023K(2048K)] [ParOldGen: 7160K->7156K(7168K)] 8184K->8180K(9216K), [Metaspace: 4360K->4360K(1056768K)], 0.0228605 secs] [Times: user=0.20 sys=0.00, real=0.02 secs] 
2021-04-26T22:33:03.727+0800: 4.469: [Full GC (Ergonomics) [PSYoungGen: 1023K->1023K(2048K)] [ParOldGen: 7158K->7156K(7168K)] 8182K->8180K(9216K), [Metaspace: 4360K->4360K(1056768K)], 0.0277759 secs] [Times: user=0.02 sys=0.00, real=0.03 secs] 
2021-04-26T22:33:03.755+0800: 4.497: [Full GC (Ergonomics) [PSYoungGen: 1023K->1023K(2048K)] [ParOldGen: 7160K->7156K(7168K)] 8184K->8180K(9216K), [Metaspace: 4362K->4362K(1056768K)], 0.0307898 secs] [Times: user=0.11 sys=0.00, real=0.03 secs] 
2021-04-26T22:33:03.786+0800: 4.528: [Full GC (Ergonomics) [PSYoungGen: 1024K->1023K(2048K)] [ParOldGen: 7159K->7157K(7168K)] 8183K->8181K(9216K), [Metaspace: 4362K->4362K(1056768K)], 0.0244287 secs] [Times: user=0.14 sys=0.00, real=0.02 secs] 
2021-04-26T22:33:03.810+0800: 4.553: [Full GC (Ergonomics) [PSYoungGen: 1023K->1023K(2048K)] [ParOldGen: 7160K->7157K(7168K)] 8184K->8181K(9216K), [Metaspace: 4362K->4362K(1056768K)], 0.0338886 secs] [Times: user=0.11 sys=0.02, real=0.04 secs] 
2021-04-26T22:33:03.845+0800: 4.587: [Full GC (Ergonomics) [PSYoungGen: 1023K->1023K(2048K)] [ParOldGen: 7160K->7158K(7168K)] 8184K->8182K(9216K), [Metaspace: 4362K->4362K(1056768K)], 0.0179906 secs] [Times: user=0.13 sys=0.03, real=0.02 secs] 
2021-04-26T22:33:03.863+0800: 4.605: [Full GC (Ergonomics) [PSYoungGen: 1023K->1023K(2048K)] [ParOldGen: 7161K->7158K(7168K)] 8185K->8182K(9216K), [Metaspace: 4362K->4362K(1056768K)], 0.0173186 secs] [Times: user=0.14 sys=0.00, real=0.02 secs] 
2021-04-26T22:33:03.881+0800: 4.623: [Full GC (Ergonomics) [PSYoungGen: 1023K->1023K(2048K)] [ParOldGen: 7161K->7158K(7168K)] 8185K->8182K(9216K), [Metaspace: 4363K->4363K(1056768K)], 0.0182253 secs] [Times: user=0.28 sys=0.00, real=0.02 secs] 
2021-04-26T22:33:03.899+0800: 4.641: [Full GC (Ergonomics) [PSYoungGen: 1024K->1023K(2048K)] [ParOldGen: 7158K->7158K(7168K)] 8182K->8182K(9216K), [Metaspace: 4363K->4363K(1056768K)], 0.0220578 secs] [Times: user=0.02 sys=0.00, real=0.02 secs] 
2021-04-26T22:33:03.921+0800: 4.664: [Full GC (Ergonomics) [PSYoungGen: 1024K->1023K(2048K)] [ParOldGen: 7158K->7158K(7168K)] 8182K->8182K(9216K), [Metaspace: 4363K->4363K(1056768K)], 0.0245545 secs] [Times: user=0.25 sys=0.05, real=0.02 secs] 
2021-04-26T22:33:03.945+0800: 4.688: [Full GC (Ergonomics) [PSYoungGen: 1024K->1023K(2048K)] [ParOldGen: 7158K->7158K(7168K)] 8182K->8182K(9216K), [Metaspace: 4363K->4363K(1056768K)], 0.0186036 secs] [Times: user=0.01 sys=0.00, real=0.02 secs] 
2021-04-26T22:33:03.964+0800: 4.707: [Full GC (Ergonomics) [PSYoungGen: 1024K->1023K(2048K)] [ParOldGen: 7158K->7158K(7168K)] 8182K->8182K(9216K), [Metaspace: 4363K->4363K(1056768K)], 0.0223950 secs] [Times: user=0.13 sys=0.00, real=0.02 secs] 
2021-04-26T22:33:03.987+0800: 4.730: [Full GC (Ergonomics) [PSYoungGen: 1024K->1023K(2048K)] [ParOldGen: 7158K->7158K(7168K)] 8182K->8182K(9216K), [Metaspace: 4363K->4363K(1056768K)], 0.0176678 secs] [Times: user=0.16 sys=0.00, real=0.02 secs] 
2021-04-26T22:33:04.005+0800: 4.748: [Full GC (Ergonomics) [PSYoungGen: 1024K->1023K(2048K)] [ParOldGen: 7158K->7158K(7168K)] 8182K->8182K(9216K), [Metaspace: 4363K->4363K(1056768K)], 0.0162190 secs] [Times: user=0.16 sys=0.00, real=0.02 secs] 
2021-04-26T22:33:04.022+0800: 4.764: [Full GC (Ergonomics) [PSYoungGen: 1024K->1023K(2048K)] [ParOldGen: 7165K->7159K(7168K)] 8189K->8183K(9216K), [Metaspace: 4364K->4364K(1056768K)], 0.0253347 secs] [Times: user=0.01 sys=0.00, real=0.02 secs] 
2021-04-26T22:33:04.047+0800: 4.789: [Full GC (Ergonomics) [PSYoungGen: 1023K->1023K(2048K)] [ParOldGen: 7159K->7159K(7168K)] 8183K->8183K(9216K), [Metaspace: 4364K->4364K(1056768K)], 0.0168653 secs] [Times: user=0.14 sys=0.02, real=0.02 secs] 
2021-04-26T22:33:04.064+0800: 4.806: [Full GC (Ergonomics) [PSYoungGen: 1024K->1023K(2048K)] [ParOldGen: 7162K->7159K(7168K)] 8186K->8183K(9216K), [Metaspace: 4365K->4365K(1056768K)], 0.0152718 secs] [Times: user=0.16 sys=0.00, real=0.02 secs] 
2021-04-26T22:33:04.080+0800: 4.822: [Full GC (Ergonomics) [PSYoungGen: 1023K->1023K(2048K)] [ParOldGen: 7159K->7159K(7168K)] 8183K->8183K(9216K), [Metaspace: 4368K->4368K(1056768K)], 0.0163021 secs] [Times: user=0.16 sys=0.00, real=0.02 secs] 
2021-04-26T22:33:04.096+0800: 4.838: [Full GC (Ergonomics) [PSYoungGen: 1023K->1023K(2048K)] [ParOldGen: 7159K->7159K(7168K)] 8183K->8183K(9216K), [Metaspace: 4368K->4368K(1056768K)], 0.0204325 secs] [Times: user=0.30 sys=0.01, real=0.02 secs] 
2021-04-26T22:33:04.117+0800: 4.859: [Full GC (Ergonomics) [PSYoungGen: 1024K->1023K(2048K)] [ParOldGen: 7162K->7160K(7168K)] 8186K->8184K(9216K), [Metaspace: 4368K->4368K(1056768K)], 0.0164879 secs] [Times: user=0.16 sys=0.00, real=0.02 secs] 
2021-04-26T22:33:04.133+0800: 4.876: [Full GC (Ergonomics) [PSYoungGen: 1023K->1023K(2048K)] [ParOldGen: 7160K->7160K(7168K)] 8184K->8184K(9216K), [Metaspace: 4368K->4368K(1056768K)], 0.0160063 secs] [Times: user=0.02 sys=0.00, real=0.02 secs] 
2021-04-26T22:33:04.152+0800: 4.894: [Full GC (Ergonomics) [PSYoungGen: 1024K->1023K(2048K)] [ParOldGen: 7162K->7160K(7168K)] 8186K->8184K(9216K), [Metaspace: 4369K->4369K(1056768K)], 0.0173499 secs] [Times: user=0.02 sys=0.00, real=0.02 secs] 
2021-04-26T22:33:04.169+0800: 4.911: [Full GC (Ergonomics) [PSYoungGen: 1023K->1023K(2048K)] [ParOldGen: 7160K->7160K(7168K)] 8184K->8184K(9216K), [Metaspace: 4369K->4369K(1056768K)], 0.0193294 secs] [Times: user=0.14 sys=0.00, real=0.02 secs] 
2021-04-26T22:33:04.189+0800: 4.931: [Full GC (Ergonomics) [PSYoungGen: 1024K->1023K(2048K)] [ParOldGen: 7160K->7160K(7168K)] 8184K->8184K(9216K), [Metaspace: 4369K->4369K(1056768K)], 0.0233238 secs] [Times: user=0.31 sys=0.00, real=0.02 secs] 
2021-04-26T22:33:04.212+0800: 4.954: [Full GC (Allocation Failure) [PSYoungGen: 1023K->1023K(2048K)] [ParOldGen: 7160K->7160K(7168K)] 8184K->8184K(9216K), [Metaspace: 4369K->4369K(1056768K)], 0.0172355 secs] [Times: user=0.01 sys=0.00, real=0.02 secs] 
2021-04-26T22:33:04.233+0800: 4.975: [Full GC (Ergonomics) [PSYoungGen: 1024K->1023K(2048K)] [ParOldGen: 7163K->7161K(7168K)] 8187K->8185K(9216K), [Metaspace: 4369K->4369K(1056768K)], 0.0208690 secs] [Times: user=0.16 sys=0.00, real=0.02 secs] 
2021-04-26T22:33:04.253+0800: 4.996: [Full GC (Ergonomics) [PSYoungGen: 1024K->1023K(2048K)] [ParOldGen: 7164K->7160K(7168K)] 8188K->8184K(9216K), [Metaspace: 4379K->4379K(1056768K)], 0.0233723 secs] [Times: user=0.22 sys=0.02, real=0.03 secs] 
2021-04-26T22:33:04.278+0800: 5.020: [Full GC (Ergonomics) [PSYoungGen: 1023K->1023K(2048K)] [ParOldGen: 7160K->7160K(7168K)] 8184K->8184K(9216K), [Metaspace: 4379K->4379K(1056768K)], 0.0161978 secs] [Times: user=0.02 sys=0.00, real=0.02 secs] 
2021-04-26T22:33:04.294+0800: 5.036: [Full GC (Ergonomics) [PSYoungGen: 1023K->1023K(2048K)] [ParOldGen: 7163K->7161K(7168K)] 8187K->8185K(9216K), [Metaspace: 4381K->4381K(1056768K)], 0.0220701 secs] [Times: user=0.00 sys=0.00, real=0.02 secs] 
2021-04-26T22:33:04.316+0800: 5.058: [Full GC (Ergonomics) [PSYoungGen: 1023K->1023K(2048K)] [ParOldGen: 7161K->7161K(7168K)] 8185K->8185K(9216K), [Metaspace: 4381K->4381K(1056768K)], 0.0196058 secs] [Times: user=0.31 sys=0.00, real=0.02 secs] 
2021-04-26T22:33:04.336+0800: 5.078: [Full GC (Ergonomics) [PSYoungGen: 1023K->1023K(2048K)] [ParOldGen: 7164K->7162K(7168K)] 8188K->8186K(9216K), [Metaspace: 4381K->4381K(1056768K)], 0.0154091 secs] [Times: user=0.14 sys=0.01, real=0.02 secs] 
2021-04-26T22:33:04.351+0800: 5.094: [Full GC (Ergonomics) [PSYoungGen: 1023K->1023K(2048K)] [ParOldGen: 7162K->7162K(7168K)] 8186K->8186K(9216K), [Metaspace: 4381K->4381K(1056768K)], 0.0172741 secs] [Times: user=0.02 sys=0.00, real=0.02 secs] 
2021-04-26T22:33:04.369+0800: 5.111: [Full GC (Ergonomics) [PSYoungGen: 1024K->1024K(2048K)] [ParOldGen: 7165K->7162K(7168K)] 8189K->8186K(9216K), [Metaspace: 4381K->4381K(1056768K)], 0.0211576 secs] [Times: user=0.00 sys=0.00, real=0.02 secs] 
2021-04-26T22:33:04.390+0800: 5.133: [Full GC (Ergonomics) [PSYoungGen: 1024K->1024K(2048K)] [ParOldGen: 7165K->7163K(7168K)] 8189K->8187K(9216K), [Metaspace: 4381K->4381K(1056768K)], 0.0149626 secs] [Times: user=0.09 sys=0.00, real=0.02 secs] 
2021-04-26T22:33:04.406+0800: 5.148: [Full GC (Ergonomics) [PSYoungGen: 1024K->1024K(2048K)] [ParOldGen: 7167K->7163K(7168K)] 8191K->8187K(9216K), [Metaspace: 4385K->4385K(1056768K)], 0.0184870 secs] [Times: user=0.14 sys=0.00, real=0.02 secs] 
2021-04-26T22:33:04.424+0800: 5.166: [Full GC (Ergonomics) [PSYoungGen: 1024K->1024K(2048K)] [ParOldGen: 7165K->7163K(7168K)] 8189K->8187K(9216K), [Metaspace: 4386K->4386K(1056768K)], 0.0249601 secs] [Times: user=0.16 sys=0.00, real=0.02 secs] 
2021-04-26T22:33:04.449+0800: 5.192: [Full GC (Ergonomics) [PSYoungGen: 1024K->1024K(2048K)] [ParOldGen: 7166K->7164K(7168K)] 8190K->8188K(9216K), [Metaspace: 4386K->4386K(1056768K)], 0.0165696 secs] [Times: user=0.02 sys=0.00, real=0.02 secs] 
2021-04-26T22:33:04.466+0800: 5.209: [Full GC (Ergonomics) [PSYoungGen: 1024K->1024K(2048K)] [ParOldGen: 7167K->7164K(7168K)] 8191K->8188K(9216K), [Metaspace: 4386K->4386K(1056768K)], 0.0165303 secs] [Times: user=0.16 sys=0.00, real=0.02 secs] 
2021-04-26T22:33:04.483+0800: 5.226: [Full GC (Ergonomics) [PSYoungGen: 1024K->1024K(2048K)] [ParOldGen: 7167K->7165K(7168K)] 8191K->8189K(9216K), [Metaspace: 4386K->4386K(1056768K)], 0.0250064 secs] [Times: user=0.28 sys=0.00, real=0.02 secs] 
2021-04-26T22:33:04.509+0800: 5.251: [Full GC (Ergonomics) [PSYoungGen: 1024K->1024K(2048K)] [ParOldGen: 7167K->7165K(7168K)] 8191K->8189K(9216K), [Metaspace: 4386K->4386K(1056768K)], 0.0147477 secs] [Times: user=0.14 sys=0.00, real=0.01 secs] 
2021-04-26T22:33:04.524+0800: 5.266: [Full GC (Ergonomics) [PSYoungGen: 1024K->1024K(2048K)] [ParOldGen: 7167K->7165K(7168K)] 8191K->8189K(9216K), [Metaspace: 4386K->4386K(1056768K)], 0.0193233 secs] [Times: user=0.02 sys=0.00, real=0.02 secs] 
2021-04-26T22:33:04.543+0800: 5.285: [Full GC (Ergonomics) [PSYoungGen: 1024K->1024K(2048K)] [ParOldGen: 7166K->7166K(7168K)] 8190K->8190K(9216K), [Metaspace: 4386K->4386K(1056768K)], 0.0153705 secs] [Times: user=0.01 sys=0.00, real=0.02 secs] 
2021-04-26T22:33:04.559+0800: 5.301: [Full GC (Ergonomics) [PSYoungGen: 1024K->1024K(2048K)] [ParOldGen: 7167K->7166K(7168K)] 8191K->8190K(9216K), [Metaspace: 4386K->4386K(1056768K)], 0.0154522 secs] [Times: user=0.02 sys=0.00, real=0.01 secs] 
2021-04-26T22:33:04.575+0800: 5.317: [Full GC (Ergonomics) [PSYoungGen: 1024K->1024K(2048K)] [ParOldGen: 7167K->7166K(7168K)] 8191K->8190K(9216K), [Metaspace: 4386K->4386K(1056768K)], 0.0134739 secs] [Times: user=0.02 sys=0.00, real=0.01 secs] 
2021-04-26T22:33:04.588+0800: 5.330: [Full GC (Ergonomics) [PSYoungGen: 1024K->1024K(2048K)] [ParOldGen: 7168K->7166K(7168K)] 8192K->8190K(9216K), [Metaspace: 4386K->4386K(1056768K)], 0.0207163 secs] [Times: user=0.02 sys=0.00, real=0.02 secs] 
2021-04-26T22:33:04.609+0800: 5.351: [Full GC (Ergonomics) [PSYoungGen: 1024K->1024K(2048K)] [ParOldGen: 7167K->7166K(7168K)] 8191K->8190K(9216K), [Metaspace: 4386K->4386K(1056768K)], 0.0160130 secs] [Times: user=0.16 sys=0.00, real=0.02 secs] 
2021-04-26T22:33:04.625+0800: 5.367: [Full GC (Allocation Failure) [PSYoungGen: 1024K->1024K(2048K)] [ParOldGen: 7166K->7166K(7168K)] 8190K->8190K(9216K), [Metaspace: 4386K->4386K(1056768K)], 0.0263013 secs] [Times: user=0.17 sys=0.00, real=0.03 secs] 
2021-04-26T22:33:04.652+0800: 5.394: [Full GC (Ergonomics) [PSYoungGen: 1024K->1024K(2048K)] [ParOldGen: 7167K->7166K(7168K)] 8191K->8190K(9216K), [Metaspace: 4388K->4388K(1056768K)], 0.0210527 secs] [Times: user=0.02 sys=0.00, real=0.02 secs] 
2021-04-26T22:33:04.673+0800: 5.415: [Full GC (Ergonomics) [PSYoungGen: 1024K->1024K(2048K)] [ParOldGen: 7168K->7166K(7168K)] 8192K->8190K(9216K), [Metaspace: 4388K->4388K(1056768K)], 0.0159466 secs] [Times: user=0.14 sys=0.02, real=0.01 secs] 
2021-04-26T22:33:04.688+0800: 5.431: [Full GC (Ergonomics) [PSYoungGen: 1024K->1024K(2048K)] [ParOldGen: 7167K->7166K(7168K)] 8191K->8190K(9216K), [Metaspace: 4388K->4388K(1056768K)], 0.0159567 secs] [Times: user=0.16 sys=0.00, real=0.02 secs] 
2021-04-26T22:33:04.706+0800: 5.448: [Full GC (Ergonomics) [PSYoungGen: 1024K->1024K(2048K)] [ParOldGen: 7167K->7167K(7168K)] 8191K->8191K(9216K), [Metaspace: 4388K->4388K(1056768K)], 0.0247878 secs] [Times: user=0.14 sys=0.00, real=0.02 secs] 
2021-04-26T22:33:04.730+0800: 5.473: [Full GC (Ergonomics) [PSYoungGen: 1024K->1024K(2048K)] [ParOldGen: 7167K->7167K(7168K)] 8191K->8191K(9216K), [Metaspace: 4388K->4388K(1056768K)], 0.0156018 secs] [Times: user=0.01 sys=0.00, real=0.02 secs] 
2021-04-26T22:33:04.746+0800: 5.488: [Full GC (Allocation Failure) [PSYoungGen: 1024K->1024K(2048K)] [ParOldGen: 7167K->7167K(7168K)] 8191K->8191K(9216K), [Metaspace: 4388K->4388K(1056768K)], 0.0233661 secs] [Times: user=0.13 sys=0.00, real=0.02 secs] 
2021-04-26T22:33:04.770+0800: 5.512: [Full GC (Ergonomics) [PSYoungGen: 1024K->1024K(2048K)] [ParOldGen: 7167K->7166K(7168K)] 8191K->8190K(9216K), [Metaspace: 4392K->4392K(1056768K)], 0.0308468 secs] [Times: user=0.11 sys=0.00, real=0.03 secs] 
2021-04-26T22:33:04.801+0800: 5.543: [Full GC (Ergonomics) [PSYoungGen: 1024K->1024K(2048K)] [ParOldGen: 7167K->7166K(7168K)] 8191K->8190K(9216K), [Metaspace: 4392K->4392K(1056768K)], 0.0155924 secs] [Times: user=0.16 sys=0.00, real=0.01 secs] 
2021-04-26T22:33:04.817+0800: 5.559: [Full GC (Ergonomics) [PSYoungGen: 1024K->1024K(2048K)] [ParOldGen: 7167K->7166K(7168K)] 8191K->8190K(9216K), [Metaspace: 4392K->4392K(1056768K)], 0.0154967 secs] [Times: user=0.16 sys=0.00, real=0.02 secs] 
2021-04-26T22:33:04.832+0800: 5.575: [Full GC (Allocation Failure) [PSYoungGen: 1024K->1024K(2048K)] [ParOldGen: 7166K->7166K(7168K)] 8190K->8190K(9216K), [Metaspace: 4392K->4392K(1056768K)], 0.0193576 secs] [Times: user=0.31 sys=0.00, real=0.02 secs] 
2021-04-26T22:33:04.852+0800: 5.594: [Full GC (Ergonomics) [PSYoungGen: 1024K->1024K(2048K)] [ParOldGen: 7167K->7166K(7168K)] 8191K->8190K(9216K), [Metaspace: 4398K->4398K(1056768K)], 0.0250127 secs] [Times: user=0.01 sys=0.00, real=0.03 secs] 
2021-04-26T22:33:04.878+0800: 5.620: [Full GC (Ergonomics) [PSYoungGen: 1024K->1024K(2048K)] [ParOldGen: 7167K->7166K(7168K)] 8191K->8190K(9216K), [Metaspace: 4399K->4399K(1056768K)], 0.0185902 secs] [Times: user=0.14 sys=0.00, real=0.02 secs] 
2021-04-26T22:33:04.896+0800: 5.639: [Full GC (Ergonomics) [PSYoungGen: 1024K->1024K(2048K)] [ParOldGen: 7167K->7167K(7168K)] 8191K->8191K(9216K), [Metaspace: 4401K->4401K(1056768K)], 0.0195904 secs] [Times: user=0.14 sys=0.00, real=0.02 secs] 
2021-04-26T22:33:04.916+0800: 5.659: [Full GC (Ergonomics) [PSYoungGen: 1024K->1024K(2048K)] [ParOldGen: 7167K->7167K(7168K)] 8191K->8191K(9216K), [Metaspace: 4402K->4402K(1056768K)], 0.0188293 secs] [Times: user=0.00 sys=0.00, real=0.02 secs] 
2021-04-26T22:33:04.935+0800: 5.678: [Full GC (Ergonomics) [PSYoungGen: 1024K->1024K(2048K)] [ParOldGen: 7167K->7167K(7168K)] 8191K->8191K(9216K), [Metaspace: 4402K->4402K(1056768K)], 0.0155853 secs] [Times: user=0.16 sys=0.00, real=0.02 secs] 
2021-04-26T22:33:04.951+0800: 5.694: [Full GC (Ergonomics) [PSYoungGen: 1024K->1024K(2048K)] [ParOldGen: 7167K->7167K(7168K)] 8191K->8191K(9216K), [Metaspace: 4402K->4402K(1056768K)], 0.0184681 secs] [Times: user=0.13 sys=0.00, real=0.02 secs] 
2021-04-26T22:33:04.971+0800: 5.713: [Full GC (Ergonomics) [PSYoungGen: 1024K->1024K(2048K)] [ParOldGen: 7167K->7167K(7168K)] 8191K->8191K(9216K), [Metaspace: 4402K->4402K(1056768K)], 0.0216856 secs] [Times: user=0.30 sys=0.02, real=0.02 secs] 
2021-04-26T22:33:04.992+0800: 5.734: [Full GC (Ergonomics) [PSYoungGen: 1024K->1024K(2048K)] [ParOldGen: 7167K->7167K(7168K)] 8191K->8191K(9216K), [Metaspace: 4402K->4402K(1056768K)], 0.0162781 secs] [Times: user=0.14 sys=0.00, real=0.02 secs] 
2021-04-26T22:33:05.009+0800: 5.751: [Full GC (Ergonomics) [PSYoungGen: 1024K->1024K(2048K)] [ParOldGen: 7167K->7167K(7168K)] 8191K->8191K(9216K), [Metaspace: 4402K->4402K(1056768K)], 0.0156085 secs] [Times: user=0.14 sys=0.00, real=0.01 secs] 
2021-04-26T22:33:05.025+0800: 5.767: [Full GC (Ergonomics) [PSYoungGen: 1024K->1024K(2048K)] [ParOldGen: 7167K->7167K(7168K)] 8191K->8191K(9216K), [Metaspace: 4402K->4402K(1056768K)], 0.0232528 secs] [Times: user=0.01 sys=0.00, real=0.02 secs] 
2021-04-26T22:33:05.048+0800: 5.790: [Full GC (Ergonomics) [PSYoungGen: 1024K->1024K(2048K)] [ParOldGen: 7167K->7167K(7168K)] 8191K->8191K(9216K), [Metaspace: 4402K->4402K(1056768K)], 0.0163215 secs] [Times: user=0.14 sys=0.00, real=0.02 secs] 
2021-04-26T22:33:05.064+0800: 5.807: [Full GC (Ergonomics) [PSYoungGen: 1024K->1024K(2048K)] [ParOldGen: 7167K->7167K(7168K)] 8191K->8191K(9216K), [Metaspace: 4402K->4402K(1056768K)], 0.0158037 secs] [Times: user=0.16 sys=0.00, real=0.02 secs] 
2021-04-26T22:33:05.080+0800: 5.823: [Full GC (Ergonomics) [PSYoungGen: 1024K->1024K(2048K)] [ParOldGen: 7167K->7167K(7168K)] 8191K->8191K(9216K), [Metaspace: 4402K->4402K(1056768K)], 0.0156423 secs] [Times: user=0.16 sys=0.00, real=0.02 secs] 
2021-04-26T22:33:05.095+0800: 5.838: [Full GC (Allocation Failure) [PSYoungGen: 1024K->1024K(2048K)] [ParOldGen: 7167K->7167K(7168K)] 8191K->8191K(9216K), [Metaspace: 4402K->4402K(1056768K)], 0.0227830 secs] [Times: user=0.17 sys=0.00, real=0.02 secs] 
2021-04-26T22:33:05.119+0800: 5.861: [Full GC (Ergonomics) [PSYoungGen: 1024K->1024K(2048K)] [ParOldGen: 7167K->7167K(7168K)] 8191K->8191K(9216K), [Metaspace: 4402K->4402K(1056768K)], 0.0206416 secs] [Times: user=0.02 sys=0.00, real=0.02 secs] 
2021-04-26T22:33:05.140+0800: 5.882: [Full GC (Allocation Failure) [PSYoungGen: 1024K->1024K(2048K)] [ParOldGen: 7167K->7167K(7168K)] 8191K->8191K(9216K), [Metaspace: 4402K->4402K(1056768K)], 0.0142205 secs] [Times: user=0.14 sys=0.00, real=0.01 secs] 
2021-04-26T22:33:05.154+0800: 5.896: [Full GC (Ergonomics) [PSYoungGen: 1024K->1024K(2048K)] [ParOldGen: 7167K->7167K(7168K)] 8191K->8191K(9216K), [Metaspace: 4402K->4402K(1056768K)], 0.0166185 secs] [Times: user=0.16 sys=0.00, real=0.02 secs] 
2021-04-26T22:33:05.171+0800: 5.913: [Full GC (Allocation Failure) [PSYoungGen: 1024K->1024K(2048K)] [ParOldGen: 7167K->7167K(7168K)] 8191K->8191K(9216K), [Metaspace: 4402K->4402K(1056768K)], 0.0151162 secs] [Times: user=0.14 sys=0.02, real=0.02 secs] 
2021-04-26T22:33:05.186+0800: 5.929: [Full GC (Ergonomics) [PSYoungGen: 1024K->1024K(2048K)] [ParOldGen: 7167K->7167K(7168K)] 8191K->8191K(9216K), [Metaspace: 4402K->4402K(1056768K)], 0.0149238 secs] [Times: user=0.14 sys=0.00, real=0.01 secs] 
2021-04-26T22:33:05.201+0800: 5.944: [Full GC (Ergonomics) [PSYoungGen: 1024K->1024K(2048K)] [ParOldGen: 7167K->7167K(7168K)] 8191K->8191K(9216K), [Metaspace: 4402K->4402K(1056768K)], 0.0151041 secs] [Times: user=0.02 sys=0.00, real=0.02 secs] 
2021-04-26T22:33:05.216+0800: 5.959: [Full GC (Ergonomics) [PSYoungGen: 1024K->0K(2048K)] [ParOldGen: 7168K->988K(7168K)] 8192K->988K(9216K), [Metaspace: 4402K->4402K(1056768K)], 0.0092529 secs] [Times: user=0.16 sys=0.00, real=0.01 secs] 
Heap
 PSYoungGen      total 2048K, used 73K [0x00000000ffd00000, 0x0000000100000000, 0x0000000100000000)
  eden space 1024K, 7% used [0x00000000ffd00000,0x00000000ffd125d0,0x00000000ffe00000)
  from space 1024K, 0% used [0x00000000ffe00000,0x00000000ffe00000,0x00000000fff00000)
  to   space 1024K, 0% used [0x00000000fff00000,0x00000000fff00000,0x0000000100000000)
 ParOldGen       total 7168K, used 988K [0x00000000ff600000, 0x00000000ffd00000, 0x00000000ffd00000)
  object space 7168K, 13% used [0x00000000ff600000,0x00000000ff6f71c8,0x00000000ffd00000)
 Metaspace       used 4474K, capacity 4636K, committed 4992K, reserved 1056768K
  class space    used 503K, capacity 524K, committed 640K, reserved 1048576K
